C:/Users/roryl/rorylocalclabwork/stm32f303-definitions/Core/Inc/core_cm4.h:1688:22:__NVIC_EnableIRQ	16	static
../Src/timer.c:10:6:Timer_Init	24	static
../Src/timer.c:29:6:Timer_Start	4	static
../Src/timer.c:34:6:Timer_StartOneShot	24	static
../Src/timer.c:53:6:setTimerPeriod	16	static
../Src/timer.c:59:10:getTimerPeriod	4	static
../Src/timer.c:63:6:TIM2_IRQHandler	8	static
../Src/timer.c:79:6:periodicBlink	16	static
../Src/timer.c:86:6:oneShotBlink	16	static
../Src/timer.c:93:6:enable_clocks	4	static
../Src/timer.c:99:6:initialise_board	16	static
../Src/timer.c:138:6:EXTI0_IRQHandler	8	static
