../Inc/core_cm4.h:1688:22:__NVIC_EnableIRQ	16	static
../Src/timer.c:10:6:Timer_Init	16	static
../Src/timer.c:27:6:Timer_Start	4	static
../Src/timer.c:32:6:Timer_StartOneShot	24	static
../Src/timer.c:52:6:setTimerPeriod	16	static
../Src/timer.c:58:10:getTimerPeriod	4	static
../Src/timer.c:62:6:TIM2_IRQHandler	8	static
../Src/timer.c:78:6:periodicBlink	16	static
../Src/timer.c:85:6:oneShotBlink	16	static
../Src/timer.c:92:6:enable_clocks	4	static
../Src/timer.c:98:6:initialise_board	16	static
../Src/timer.c:119:6:oneshot_action	16	static
../Src/timer.c:125:6:periodic_action	16	static
