C:/Users/emsto/OneDrive/Documents/MTRX2700/MTRX2700-2025-main/stm32f303-definitions/Core/Inc/core_cm4.h:1688:22:__NVIC_EnableIRQ	16	static
C:/Users/emsto/OneDrive/Documents/MTRX2700/MTRX2700-2025-main/stm32f303-definitions/Core/Inc/core_cm4.h:1816:22:__NVIC_SetPriority	16	static
../Src/digital_io.c:35:6:EXTI0_IRQHandler	8	static
../Src/digital_io.c:49:6:enable_clocks	4	static
../Src/digital_io.c:55:6:initialise_board	16	static
../Src/digital_io.c:62:6:enable_interrupt	8	static,ignoring_inline_asm
../Src/digital_io.c:93:9:GetLEDBitmask	4	static
../Src/digital_io.c:103:6:SetLEDBitmask	24	static
../Src/digital_io.c:115:6:DigitalInitialise	16	static
