15:59:42 **** Clean-only build of configuration Debug for project DigitalIO ****
make -j9 clean 
rm -rf ./Startup/startup_stm32f303vctx.d ./Startup/startup_stm32f303vctx.o
rm -rf ./Src/digital_io.cyclo ./Src/digital_io.d ./Src/digital_io.o ./Src/digital_io.su ./Src/main.cyclo ./Src/main.d ./Src/main.o ./Src/main.su ./Src/syscalls.cyclo ./Src/syscalls.d ./Src/syscalls.o ./Src/syscalls.su ./Src/sysmem.cyclo ./Src/sysmem.d ./Src/sysmem.o ./Src/sysmem.su
rm -rf DigitalIO.elf DigitalIO.list DigitalIO.map default.size.stdout
 
15:59:43 **** Build of configuration Debug for project DigitalIO ****
make -j9 all 
arm-none-eabi-gcc -mcpu=cortex-m4 -g3 -DDEBUG -c -x assembler-with-cpp -MMD -MP -MF"Startup/startup_stm32f303vctx.d" -MT"Startup/startup_stm32f303vctx.o" --specs=nano.specs -mfpu=fpv4-sp-d16 -mfloat-abi=hard -mthumb -o "Startup/startup_stm32f303vctx.o" "../Startup/startup_stm32f303vctx.s"
arm-none-eabi-gcc "../Src/digital_io.c" -mcpu=cortex-m4 -std=gnu11 -g3 -DDEBUG -DSTM32F303VCTx -DSTM32 -DSTM32F3 -DSTM32F3DISCOVERY -c -I../Inc -I"/Users/henrywilcox/MTRX_GITHEADS/DigitalIO/Inc" -O0 -ffunction-sections -fdata-sections -Wall -fstack-usage -fcyclomatic-complexity -MMD -MP -MF"Src/digital_io.d" -MT"Src/digital_io.o" --specs=nano.specs -mfpu=fpv4-sp-d16 -mfloat-abi=hard -mthumb -o "Src/digital_io.o"
arm-none-eabi-gcc "../Src/main.c" -mcpu=cortex-m4 -std=gnu11 -g3 -DDEBUG -DSTM32F303VCTx -DSTM32 -DSTM32F3 -DSTM32F3DISCOVERY -c -I../Inc -I"/Users/henrywilcox/MTRX_GITHEADS/DigitalIO/Inc" -O0 -ffunction-sections -fdata-sections -Wall -fstack-usage -fcyclomatic-complexity -MMD -MP -MF"Src/main.d" -MT"Src/main.o" --specs=nano.specs -mfpu=fpv4-sp-d16 -mfloat-abi=hard -mthumb -o "Src/main.o"
arm-none-eabi-gcc "../Src/syscalls.c" -mcpu=cortex-m4 -std=gnu11 -g3 -DDEBUG -DSTM32F303VCTx -DSTM32 -DSTM32F3 -DSTM32F3DISCOVERY -c -I../Inc -I"/Users/henrywilcox/MTRX_GITHEADS/DigitalIO/Inc" -O0 -ffunction-sections -fdata-sections -Wall -fstack-usage -fcyclomatic-complexity -MMD -MP -MF"Src/syscalls.d" -MT"Src/syscalls.o" --specs=nano.specs -mfpu=fpv4-sp-d16 -mfloat-abi=hard -mthumb -o "Src/syscalls.o"
arm-none-eabi-gcc "../Src/sysmem.c" -mcpu=cortex-m4 -std=gnu11 -g3 -DDEBUG -DSTM32F303VCTx -DSTM32 -DSTM32F3 -DSTM32F3DISCOVERY -c -I../Inc -I"/Users/henrywilcox/MTRX_GITHEADS/DigitalIO/Inc" -O0 -ffunction-sections -fdata-sections -Wall -fstack-usage -fcyclomatic-complexity -MMD -MP -MF"Src/sysmem.d" -MT"Src/sysmem.o" --specs=nano.specs -mfpu=fpv4-sp-d16 -mfloat-abi=hard -mthumb -o "Src/sysmem.o"
../Src/main.c:21:10: fatal error: stm32f303xc.h: No such file or directory
   21 | #include "stm32f303xc.h"
      |          ^~~~~~~~~~~~~~~
../Src/digital_io.c:21:10: fatal error: stm32f303xc.h: No such file or directory
   21 | #include "stm32f303xc.h"
      |          ^~~~~~~~~~~~~~~
compilation terminated.
compilation terminated.
make: *** [Src/subdir.mk:28: Src/main.o] Error 1
make: *** Waiting for unfinished jobs....
make: *** [Src/subdir.mk:28: Src/digital_io.o] Error 1
"make -j9 all" terminated with exit code 2. Build might be incomplete.
16:01:43 **** Incremental Build of configuration Debug for project DigitalIO ****
make -j9 all 
arm-none-eabi-gcc "../Src/digital_io.c" -mcpu=cortex-m4 -std=gnu11 -g3 -DDEBUG -DSTM32F303VCTx -DSTM32 -DSTM32F3 -DSTM32F3DISCOVERY -c -I../Inc -I"/Users/henrywilcox/MTRX_GITHEADS/stm32f303-definitions" -O0 -ffunction-sections -fdata-sections -Wall -fstack-usage -fcyclomatic-complexity -MMD -MP -MF"Src/digital_io.d" -MT"Src/digital_io.o" --specs=nano.specs -mfpu=fpv4-sp-d16 -mfloat-abi=hard -mthumb -o "Src/digital_io.o"
arm-none-eabi-gcc "../Src/main.c" -mcpu=cortex-m4 -std=gnu11 -g3 -DDEBUG -DSTM32F303VCTx -DSTM32 -DSTM32F3 -DSTM32F3DISCOVERY -c -I../Inc -I"/Users/henrywilcox/MTRX_GITHEADS/stm32f303-definitions" -O0 -ffunction-sections -fdata-sections -Wall -fstack-usage -fcyclomatic-complexity -MMD -MP -MF"Src/main.d" -MT"Src/main.o" --specs=nano.specs -mfpu=fpv4-sp-d16 -mfloat-abi=hard -mthumb -o "Src/main.o"
arm-none-eabi-gcc "../Src/syscalls.c" -mcpu=cortex-m4 -std=gnu11 -g3 -DDEBUG -DSTM32F303VCTx -DSTM32 -DSTM32F3 -DSTM32F3DISCOVERY -c -I../Inc -I"/Users/henrywilcox/MTRX_GITHEADS/stm32f303-definitions" -O0 -ffunction-sections -fdata-sections -Wall -fstack-usage -fcyclomatic-complexity -MMD -MP -MF"Src/syscalls.d" -MT"Src/syscalls.o" --specs=nano.specs -mfpu=fpv4-sp-d16 -mfloat-abi=hard -mthumb -o "Src/syscalls.o"
arm-none-eabi-gcc "../Src/sysmem.c" -mcpu=cortex-m4 -std=gnu11 -g3 -DDEBUG -DSTM32F303VCTx -DSTM32 -DSTM32F3 -DSTM32F3DISCOVERY -c -I../Inc -I"/Users/henrywilcox/MTRX_GITHEADS/stm32f303-definitions" -O0 -ffunction-sections -fdata-sections -Wall -fstack-usage -fcyclomatic-complexity -MMD -MP -MF"Src/sysmem.d" -MT"Src/sysmem.o" --specs=nano.specs -mfpu=fpv4-sp-d16 -mfloat-abi=hard -mthumb -o "Src/sysmem.o"
../Src/digital_io.c:21:10: fatal error: stm32f303xc.h: No such file or directory
   21 | #include "stm32f303xc.h"
      |          ^~~~~~~~~~~~~~~
../Src/main.c:21:10: fatal error: stm32f303xc.h: No such file or directory
   21 | #include "stm32f303xc.h"
      |          ^~~~~~~~~~~~~~~
compilation terminated.
compilation terminated.
make: *** [Src/subdir.mk:28: Src/main.o] Error 1
make: *** Waiting for unfinished jobs....
make: *** [Src/subdir.mk:28: Src/digital_io.o] Error 1
"make -j9 all" terminated with exit code 2. Build might be incomplete.
16:03:46 **** Incremental Build of configuration Debug for project DigitalIO ****
make -j9 all 
arm-none-eabi-gcc "../Src/digital_io.c" -mcpu=cortex-m4 -std=gnu11 -g3 -DDEBUG -DSTM32F303VCTx -DSTM32 -DSTM32F3 -DSTM32F3DISCOVERY -c -I../Inc -I"/Users/henrywilcox/MTRX_GITHEADS/stm32f303-definitions" -O0 -ffunction-sections -fdata-sections -Wall -fstack-usage -fcyclomatic-complexity -MMD -MP -MF"Src/digital_io.d" -MT"Src/digital_io.o" --specs=nano.specs -mfpu=fpv4-sp-d16 -mfloat-abi=hard -mthumb -o "Src/digital_io.o"
arm-none-eabi-gcc "../Src/main.c" -mcpu=cortex-m4 -std=gnu11 -g3 -DDEBUG -DSTM32F303VCTx -DSTM32 -DSTM32F3 -DSTM32F3DISCOVERY -c -I../Inc -I"/Users/henrywilcox/MTRX_GITHEADS/stm32f303-definitions" -O0 -ffunction-sections -fdata-sections -Wall -fstack-usage -fcyclomatic-complexity -MMD -MP -MF"Src/main.d" -MT"Src/main.o" --specs=nano.specs -mfpu=fpv4-sp-d16 -mfloat-abi=hard -mthumb -o "Src/main.o"
../Src/digital_io.c:21:10: fatal error: stm32f303xc.h: No such file or directory
   21 | #include "stm32f303xc.h"
      |          ^~~~~~~~~~~~~~~
../Src/main.c:21:10: fatal error: stm32f303xc.h: No such file or directory
   21 | #include "stm32f303xc.h"
      |          ^~~~~~~~~~~~~~~
compilation terminated.
compilation terminated.
make: *** [Src/subdir.mk:28: Src/main.o] Error 1
make: *** Waiting for unfinished jobs....
make: *** [Src/subdir.mk:28: Src/digital_io.o] Error 1
"make -j9 all" terminated with exit code 2. Build might be incomplete.
16:09:20 **** Incremental Build of configuration Debug for project DigitalIO ****
make -j9 all 
arm-none-eabi-gcc "../Src/digital_io.c" -mcpu=cortex-m4 -std=gnu11 -g3 -DDEBUG -DSTM32F303VCTx -DSTM32 -DSTM32F3 -DSTM32F3DISCOVERY -c -I../Inc -I"/Users/henrywilcox/MTRX_GITHEADS/stm32f303-definitions/Core/Inc" -O0 -ffunction-sections -fdata-sections -Wall -fstack-usage -fcyclomatic-complexity -MMD -MP -MF"Src/digital_io.d" -MT"Src/digital_io.o" --specs=nano.specs -mfpu=fpv4-sp-d16 -mfloat-abi=hard -mthumb -o "Src/digital_io.o"
arm-none-eabi-gcc "../Src/main.c" -mcpu=cortex-m4 -std=gnu11 -g3 -DDEBUG -DSTM32F303VCTx -DSTM32 -DSTM32F3 -DSTM32F3DISCOVERY -c -I../Inc -I"/Users/henrywilcox/MTRX_GITHEADS/stm32f303-definitions/Core/Inc" -O0 -ffunction-sections -fdata-sections -Wall -fstack-usage -fcyclomatic-complexity -MMD -MP -MF"Src/main.d" -MT"Src/main.o" --specs=nano.specs -mfpu=fpv4-sp-d16 -mfloat-abi=hard -mthumb -o "Src/main.o"
arm-none-eabi-gcc "../Src/syscalls.c" -mcpu=cortex-m4 -std=gnu11 -g3 -DDEBUG -DSTM32F303VCTx -DSTM32 -DSTM32F3 -DSTM32F3DISCOVERY -c -I../Inc -I"/Users/henrywilcox/MTRX_GITHEADS/stm32f303-definitions/Core/Inc" -O0 -ffunction-sections -fdata-sections -Wall -fstack-usage -fcyclomatic-complexity -MMD -MP -MF"Src/syscalls.d" -MT"Src/syscalls.o" --specs=nano.specs -mfpu=fpv4-sp-d16 -mfloat-abi=hard -mthumb -o "Src/syscalls.o"
arm-none-eabi-gcc "../Src/sysmem.c" -mcpu=cortex-m4 -std=gnu11 -g3 -DDEBUG -DSTM32F303VCTx -DSTM32 -DSTM32F3 -DSTM32F3DISCOVERY -c -I../Inc -I"/Users/henrywilcox/MTRX_GITHEADS/stm32f303-definitions/Core/Inc" -O0 -ffunction-sections -fdata-sections -Wall -fstack-usage -fcyclomatic-complexity -MMD -MP -MF"Src/sysmem.d" -MT"Src/sysmem.o" --specs=nano.specs -mfpu=fpv4-sp-d16 -mfloat-abi=hard -mthumb -o "Src/sysmem.o"
../Src/main.c:21:10: fatal error: stm32f303xc.h: No such file or directory
   21 | #include "stm32f303xc.h"
      |          ^~~~~~~~~~~~~~~
../Src/digital_io.c:21:10: fatal error: stm32f303xc.h: No such file or directory
   21 | #include "stm32f303xc.h"
      |          ^~~~~~~~~~~~~~~
compilation terminated.
compilation terminated.
make: *** [Src/subdir.mk:28: Src/main.o] Error 1
make: *** Waiting for unfinished jobs....
make: *** [Src/subdir.mk:28: Src/digital_io.o] Error 1
"make -j9 all" terminated with exit code 2. Build might be incomplete.
16:10:06 **** Build of configuration Debug for project TEST ****
make -j9 all 
arm-none-eabi-gcc -mcpu=cortex-m4 -g3 -DDEBUG -c -x assembler-with-cpp -MMD -MP -MF"Startup/startup_stm32f303vctx.d" -MT"Startup/startup_stm32f303vctx.o" --specs=nano.specs -mfpu=fpv4-sp-d16 -mfloat-abi=hard -mthumb -o "Startup/startup_stm32f303vctx.o" "../Startup/startup_stm32f303vctx.s"
arm-none-eabi-gcc "../Src/digital_io.c" -mcpu=cortex-m4 -std=gnu11 -g3 -DDEBUG -DSTM32F303VCTx -DSTM32 -DSTM32F3 -DSTM32F3DISCOVERY -c -I../Inc -I"/Users/henrywilcox/MTRX_GITHEADS/stm32f303-definitions/Core/Inc" -O0 -ffunction-sections -fdata-sections -Wall -fstack-usage -fcyclomatic-complexity -MMD -MP -MF"Src/digital_io.d" -MT"Src/digital_io.o" --specs=nano.specs -mfpu=fpv4-sp-d16 -mfloat-abi=hard -mthumb -o "Src/digital_io.o"
arm-none-eabi-gcc "../Src/main.c" -mcpu=cortex-m4 -std=gnu11 -g3 -DDEBUG -DSTM32F303VCTx -DSTM32 -DSTM32F3 -DSTM32F3DISCOVERY -c -I../Inc -I"/Users/henrywilcox/MTRX_GITHEADS/stm32f303-definitions/Core/Inc" -O0 -ffunction-sections -fdata-sections -Wall -fstack-usage -fcyclomatic-complexity -MMD -MP -MF"Src/main.d" -MT"Src/main.o" --specs=nano.specs -mfpu=fpv4-sp-d16 -mfloat-abi=hard -mthumb -o "Src/main.o"
arm-none-eabi-gcc "../Src/syscalls.c" -mcpu=cortex-m4 -std=gnu11 -g3 -DDEBUG -DSTM32F303VCTx -DSTM32 -DSTM32F3 -DSTM32F3DISCOVERY -c -I../Inc -I"/Users/henrywilcox/MTRX_GITHEADS/stm32f303-definitions/Core/Inc" -O0 -ffunction-sections -fdata-sections -Wall -fstack-usage -fcyclomatic-complexity -MMD -MP -MF"Src/syscalls.d" -MT"Src/syscalls.o" --specs=nano.specs -mfpu=fpv4-sp-d16 -mfloat-abi=hard -mthumb -o "Src/syscalls.o"
arm-none-eabi-gcc "../Src/sysmem.c" -mcpu=cortex-m4 -std=gnu11 -g3 -DDEBUG -DSTM32F303VCTx -DSTM32 -DSTM32F3 -DSTM32F3DISCOVERY -c -I../Inc -I"/Users/henrywilcox/MTRX_GITHEADS/stm32f303-definitions/Core/Inc" -O0 -ffunction-sections -fdata-sections -Wall -fstack-usage -fcyclomatic-complexity -MMD -MP -MF"Src/sysmem.d" -MT"Src/sysmem.o" --specs=nano.specs -mfpu=fpv4-sp-d16 -mfloat-abi=hard -mthumb -o "Src/sysmem.o"
../Src/digital_io.c:21:10: fatal error: stm32f303xc.h: No such file or directory
   21 | #include "stm32f303xc.h"
      |          ^~~~~~~~~~~~~~~
../Src/main.c:21:10: fatal error: stm32f303xc.h: No such file or directory
   21 | #include "stm32f303xc.h"
      |          ^~~~~~~~~~~~~~~
compilation terminated.
compilation terminated.
make: *** [Src/subdir.mk:28: Src/digital_io.o] Error 1
make: *** Waiting for unfinished jobs....
make: *** [Src/subdir.mk:28: Src/main.o] Error 1
"make -j9 all" terminated with exit code 2. Build might be incomplete.
16:12:18 **** Incremental Build of configuration Debug for project TEST ****
make -j9 all 
arm-none-eabi-gcc "../Src/digital_io.c" -mcpu=cortex-m4 -std=gnu11 -g3 -DDEBUG -DSTM32F303VCTx -DSTM32 -DSTM32F3 -DSTM32F3DISCOVERY -c -I../Inc -I/Users/henrywilcox/MTRX2700-2025/stm32f303-definitions/Core/Inc -O0 -ffunction-sections -fdata-sections -Wall -fstack-usage -fcyclomatic-complexity -MMD -MP -MF"Src/digital_io.d" -MT"Src/digital_io.o" --specs=nano.specs -mfpu=fpv4-sp-d16 -mfloat-abi=hard -mthumb -o "Src/digital_io.o"
arm-none-eabi-gcc "../Src/main.c" -mcpu=cortex-m4 -std=gnu11 -g3 -DDEBUG -DSTM32F303VCTx -DSTM32 -DSTM32F3 -DSTM32F3DISCOVERY -c -I../Inc -I/Users/henrywilcox/MTRX2700-2025/stm32f303-definitions/Core/Inc -O0 -ffunction-sections -fdata-sections -Wall -fstack-usage -fcyclomatic-complexity -MMD -MP -MF"Src/main.d" -MT"Src/main.o" --specs=nano.specs -mfpu=fpv4-sp-d16 -mfloat-abi=hard -mthumb -o "Src/main.o"
arm-none-eabi-gcc "../Src/syscalls.c" -mcpu=cortex-m4 -std=gnu11 -g3 -DDEBUG -DSTM32F303VCTx -DSTM32 -DSTM32F3 -DSTM32F3DISCOVERY -c -I../Inc -I/Users/henrywilcox/MTRX2700-2025/stm32f303-definitions/Core/Inc -O0 -ffunction-sections -fdata-sections -Wall -fstack-usage -fcyclomatic-complexity -MMD -MP -MF"Src/syscalls.d" -MT"Src/syscalls.o" --specs=nano.specs -mfpu=fpv4-sp-d16 -mfloat-abi=hard -mthumb -o "Src/syscalls.o"
arm-none-eabi-gcc "../Src/sysmem.c" -mcpu=cortex-m4 -std=gnu11 -g3 -DDEBUG -DSTM32F303VCTx -DSTM32 -DSTM32F3 -DSTM32F3DISCOVERY -c -I../Inc -I/Users/henrywilcox/MTRX2700-2025/stm32f303-definitions/Core/Inc -O0 -ffunction-sections -fdata-sections -Wall -fstack-usage -fcyclomatic-complexity -MMD -MP -MF"Src/sysmem.d" -MT"Src/sysmem.o" --specs=nano.specs -mfpu=fpv4-sp-d16 -mfloat-abi=hard -mthumb -o "Src/sysmem.o"
../Src/digital_io.c:25:4: warning: #warning "FPU is not initialized, but the project is compiling for an FPU. Please initialize the FPU before use." [-Wcpp]
   25 |   #warning "FPU is not initialized, but the project is compiling for an FPU. Please initialize the FPU before use."
      |    ^~~~~~~
../Src/main.c:24:4: warning: #warning "FPU is not initialized, but the project is compiling for an FPU. Please initialize the FPU before use." [-Wcpp]
   24 |   #warning "FPU is not initialized, but the project is compiling for an FPU. Please initialize the FPU before use."
      |    ^~~~~~~
arm-none-eabi-gcc -o "TEST.elf" @"objects.list"   -mcpu=cortex-m4 -T"/Users/henrywilcox/MTRX_GITHEADS/TEST/STM32F303VCTX_FLASH.ld" --specs=nosys.specs -Wl,-Map="TEST.map" -Wl,--gc-sections -static --specs=nano.specs -mfpu=fpv4-sp-d16 -mfloat-abi=hard -mthumb -Wl,--start-group -lc -lm -Wl,--end-group
Finished building target: TEST.elf
 
arm-none-eabi-size  TEST.elf 
arm-none-eabi-objdump -h -S TEST.elf  > "TEST.list"
   text	   data	    bss	    dec	    hex	filename
   1176	      0	   1576	   2752	    ac0	TEST.elf
Finished building: default.size.stdout
 
Finished building: TEST.list
 
16:12:24 **** Incremental Build of configuration Debug for project TEST ****
make -j9 all 
arm-none-eabi-size  TEST.elf 
   text	   data	    bss	    dec	    hex	filename
   1176	      0	   1576	   2752	    ac0	TEST.elf
Finished building: default.size.stdout
 
16:13:30 **** Incremental Build of configuration Debug for project DigitalIO ****
make -j9 all 
arm-none-eabi-gcc "../Src/digital_io.c" -mcpu=cortex-m4 -std=gnu11 -g3 -DDEBUG -DSTM32F303VCTx -DSTM32 -DSTM32F3 -DSTM32F3DISCOVERY -c -I../Inc -I/Users/henrywilcox/MTRX2700-2025/stm32f303-definitions/Core/Inc -O0 -ffunction-sections -fdata-sections -Wall -fstack-usage -fcyclomatic-complexity -MMD -MP -MF"Src/digital_io.d" -MT"Src/digital_io.o" --specs=nano.specs -mfpu=fpv4-sp-d16 -mfloat-abi=hard -mthumb -o "Src/digital_io.o"
arm-none-eabi-gcc "../Src/main.c" -mcpu=cortex-m4 -std=gnu11 -g3 -DDEBUG -DSTM32F303VCTx -DSTM32 -DSTM32F3 -DSTM32F3DISCOVERY -c -I../Inc -I/Users/henrywilcox/MTRX2700-2025/stm32f303-definitions/Core/Inc -O0 -ffunction-sections -fdata-sections -Wall -fstack-usage -fcyclomatic-complexity -MMD -MP -MF"Src/main.d" -MT"Src/main.o" --specs=nano.specs -mfpu=fpv4-sp-d16 -mfloat-abi=hard -mthumb -o "Src/main.o"
arm-none-eabi-gcc "../Src/syscalls.c" -mcpu=cortex-m4 -std=gnu11 -g3 -DDEBUG -DSTM32F303VCTx -DSTM32 -DSTM32F3 -DSTM32F3DISCOVERY -c -I../Inc -I/Users/henrywilcox/MTRX2700-2025/stm32f303-definitions/Core/Inc -O0 -ffunction-sections -fdata-sections -Wall -fstack-usage -fcyclomatic-complexity -MMD -MP -MF"Src/syscalls.d" -MT"Src/syscalls.o" --specs=nano.specs -mfpu=fpv4-sp-d16 -mfloat-abi=hard -mthumb -o "Src/syscalls.o"
arm-none-eabi-gcc "../Src/sysmem.c" -mcpu=cortex-m4 -std=gnu11 -g3 -DDEBUG -DSTM32F303VCTx -DSTM32 -DSTM32F3 -DSTM32F3DISCOVERY -c -I../Inc -I/Users/henrywilcox/MTRX2700-2025/stm32f303-definitions/Core/Inc -O0 -ffunction-sections -fdata-sections -Wall -fstack-usage -fcyclomatic-complexity -MMD -MP -MF"Src/sysmem.d" -MT"Src/sysmem.o" --specs=nano.specs -mfpu=fpv4-sp-d16 -mfloat-abi=hard -mthumb -o "Src/sysmem.o"
../Src/main.c:24:4: warning: #warning "FPU is not initialized, but the project is compiling for an FPU. Please initialize the FPU before use." [-Wcpp]
   24 |   #warning "FPU is not initialized, but the project is compiling for an FPU. Please initialize the FPU before use."
      |    ^~~~~~~
../Src/digital_io.c:25:4: warning: #warning "FPU is not initialized, but the project is compiling for an FPU. Please initialize the FPU before use." [-Wcpp]
   25 |   #warning "FPU is not initialized, but the project is compiling for an FPU. Please initialize the FPU before use."
      |    ^~~~~~~
arm-none-eabi-gcc -o "DigitalIO.elf" @"objects.list"   -mcpu=cortex-m4 -T"/Users/henrywilcox/MTRX_GITHEADS/DigitalIO/STM32F303VCTX_FLASH.ld" --specs=nosys.specs -Wl,-Map="DigitalIO.map" -Wl,--gc-sections -static --specs=nano.specs -mfpu=fpv4-sp-d16 -mfloat-abi=hard -mthumb -Wl,--start-group -lc -lm -Wl,--end-group
Finished building target: DigitalIO.elf
 
arm-none-eabi-size  DigitalIO.elf 
arm-none-eabi-objdump -h -S DigitalIO.elf  > "DigitalIO.list"
   text	   data	    bss	    dec	    hex	filename
   1176	      0	   1576	   2752	    ac0	DigitalIO.elf
Finished building: default.size.stdout
 
Finished building: DigitalIO.list
 
16:14:57 **** Incremental Build of configuration Debug for project DigitalIO ****
make -j9 all 
arm-none-eabi-gcc "../Src/digital_io.c" -mcpu=cortex-m4 -std=gnu11 -g3 -DDEBUG -DSTM32F303VCTx -DSTM32 -DSTM32F3 -DSTM32F3DISCOVERY -c -I../Inc -O0 -ffunction-sections -fdata-sections -Wall -fstack-usage -fcyclomatic-complexity -MMD -MP -MF"Src/digital_io.d" -MT"Src/digital_io.o" --specs=nano.specs -mfpu=fpv4-sp-d16 -mfloat-abi=hard -mthumb -o "Src/digital_io.o"
arm-none-eabi-gcc "../Src/main.c" -mcpu=cortex-m4 -std=gnu11 -g3 -DDEBUG -DSTM32F303VCTx -DSTM32 -DSTM32F3 -DSTM32F3DISCOVERY -c -I../Inc -O0 -ffunction-sections -fdata-sections -Wall -fstack-usage -fcyclomatic-complexity -MMD -MP -MF"Src/main.d" -MT"Src/main.o" --specs=nano.specs -mfpu=fpv4-sp-d16 -mfloat-abi=hard -mthumb -o "Src/main.o"
arm-none-eabi-gcc "../Src/syscalls.c" -mcpu=cortex-m4 -std=gnu11 -g3 -DDEBUG -DSTM32F303VCTx -DSTM32 -DSTM32F3 -DSTM32F3DISCOVERY -c -I../Inc -O0 -ffunction-sections -fdata-sections -Wall -fstack-usage -fcyclomatic-complexity -MMD -MP -MF"Src/syscalls.d" -MT"Src/syscalls.o" --specs=nano.specs -mfpu=fpv4-sp-d16 -mfloat-abi=hard -mthumb -o "Src/syscalls.o"
arm-none-eabi-gcc "../Src/sysmem.c" -mcpu=cortex-m4 -std=gnu11 -g3 -DDEBUG -DSTM32F303VCTx -DSTM32 -DSTM32F3 -DSTM32F3DISCOVERY -c -I../Inc -O0 -ffunction-sections -fdata-sections -Wall -fstack-usage -fcyclomatic-complexity -MMD -MP -MF"Src/sysmem.d" -MT"Src/sysmem.o" --specs=nano.specs -mfpu=fpv4-sp-d16 -mfloat-abi=hard -mthumb -o "Src/sysmem.o"
../Src/digital_io.c:25:4: warning: #warning "FPU is not initialized, but the project is compiling for an FPU. Please initialize the FPU before use." [-Wcpp]
   25 |   #warning "FPU is not initialized, but the project is compiling for an FPU. Please initialize the FPU before use."
      |    ^~~~~~~
../Src/main.c:24:4: warning: #warning "FPU is not initialized, but the project is compiling for an FPU. Please initialize the FPU before use." [-Wcpp]
   24 |   #warning "FPU is not initialized, but the project is compiling for an FPU. Please initialize the FPU before use."
      |    ^~~~~~~
arm-none-eabi-gcc -o "DigitalIO.elf" @"objects.list"   -mcpu=cortex-m4 -T"/Users/henrywilcox/MTRX_GITHEADS/DigitalIO/STM32F303VCTX_FLASH.ld" --specs=nosys.specs -Wl,-Map="DigitalIO.map" -Wl,--gc-sections -static --specs=nano.specs -mfpu=fpv4-sp-d16 -mfloat-abi=hard -mthumb -Wl,--start-group -lc -lm -Wl,--end-group
Finished building target: DigitalIO.elf
 
arm-none-eabi-size  DigitalIO.elf 
arm-none-eabi-objdump -h -S DigitalIO.elf  > "DigitalIO.list"
   text	   data	    bss	    dec	    hex	filename
   1176	      0	   1576	   2752	    ac0	DigitalIO.elf
Finished building: default.size.stdout
 
Finished building: DigitalIO.list
 
16:20:00 **** Incremental Build of configuration Debug for project DigitalIO ****
make -j9 all 
arm-none-eabi-gcc -mcpu=cortex-m4 -g3 -DDEBUG -c -x assembler-with-cpp -MMD -MP -MF"Startup/startup_stm32f303vctx.d" -MT"Startup/startup_stm32f303vctx.o" --specs=nano.specs -mfpu=fpv4-sp-d16 -mfloat-abi=hard -mthumb -o "Startup/startup_stm32f303vctx.o" "../Startup/startup_stm32f303vctx.s"
arm-none-eabi-gcc "../Src/digital_io.c" -mcpu=cortex-m4 -std=gnu11 -g3 -DDEBUG -DSTM32F303VCTx -DSTM32 -DSTM32F3 -DSTM32F3DISCOVERY -c -I../Inc -I"/Users/henrywilcox/MTRX_GITHEADS/DigitalIO/Inc" -O0 -ffunction-sections -fdata-sections -Wall -fstack-usage -fcyclomatic-complexity -MMD -MP -MF"Src/digital_io.d" -MT"Src/digital_io.o" --specs=nano.specs -mfpu=fpv4-sp-d16 -mfloat-abi=hard -mthumb -o "Src/digital_io.o"
arm-none-eabi-gcc "../Src/main.c" -mcpu=cortex-m4 -std=gnu11 -g3 -DDEBUG -DSTM32F303VCTx -DSTM32 -DSTM32F3 -DSTM32F3DISCOVERY -c -I../Inc -I"/Users/henrywilcox/MTRX_GITHEADS/DigitalIO/Inc" -O0 -ffunction-sections -fdata-sections -Wall -fstack-usage -fcyclomatic-complexity -MMD -MP -MF"Src/main.d" -MT"Src/main.o" --specs=nano.specs -mfpu=fpv4-sp-d16 -mfloat-abi=hard -mthumb -o "Src/main.o"
arm-none-eabi-gcc "../Src/syscalls.c" -mcpu=cortex-m4 -std=gnu11 -g3 -DDEBUG -DSTM32F303VCTx -DSTM32 -DSTM32F3 -DSTM32F3DISCOVERY -c -I../Inc -I"/Users/henrywilcox/MTRX_GITHEADS/DigitalIO/Inc" -O0 -ffunction-sections -fdata-sections -Wall -fstack-usage -fcyclomatic-complexity -MMD -MP -MF"Src/syscalls.d" -MT"Src/syscalls.o" --specs=nano.specs -mfpu=fpv4-sp-d16 -mfloat-abi=hard -mthumb -o "Src/syscalls.o"
arm-none-eabi-gcc "../Src/sysmem.c" -mcpu=cortex-m4 -std=gnu11 -g3 -DDEBUG -DSTM32F303VCTx -DSTM32 -DSTM32F3 -DSTM32F3DISCOVERY -c -I../Inc -I"/Users/henrywilcox/MTRX_GITHEADS/DigitalIO/Inc" -O0 -ffunction-sections -fdata-sections -Wall -fstack-usage -fcyclomatic-complexity -MMD -MP -MF"Src/sysmem.d" -MT"Src/sysmem.o" --specs=nano.specs -mfpu=fpv4-sp-d16 -mfloat-abi=hard -mthumb -o "Src/sysmem.o"
../Src/main.c:24:4: warning: #warning "FPU is not initialized, but the project is compiling for an FPU. Please initialize the FPU before use." [-Wcpp]
   24 |   #warning "FPU is not initialized, but the project is compiling for an FPU. Please initialize the FPU before use."
      |    ^~~~~~~
../Src/digital_io.c:25:4: warning: #warning "FPU is not initialized, but the project is compiling for an FPU. Please initialize the FPU before use." [-Wcpp]
   25 |   #warning "FPU is not initialized, but the project is compiling for an FPU. Please initialize the FPU before use."
      |    ^~~~~~~
arm-none-eabi-gcc -o "DigitalIO.elf" @"objects.list"   -mcpu=cortex-m4 -T"/Users/henrywilcox/MTRX_GITHEADS/DigitalIO/STM32F303VCTX_FLASH.ld" --specs=nosys.specs -Wl,-Map="DigitalIO.map" -Wl,--gc-sections -static --specs=nano.specs -mfpu=fpv4-sp-d16 -mfloat-abi=hard -mthumb -Wl,--start-group -lc -lm -Wl,--end-group
Finished building target: DigitalIO.elf
 
arm-none-eabi-size  DigitalIO.elf 
arm-none-eabi-objdump -h -S DigitalIO.elf  > "DigitalIO.list"
   text	   data	    bss	    dec	    hex	filename
   1176	      0	   1576	   2752	    ac0	DigitalIO.elf
Finished building: default.size.stdout
 
Finished building: DigitalIO.list
 
16:23:40 **** Incremental Build of configuration Debug for project DigitalIO ****
make -j9 all 
arm-none-eabi-size  DigitalIO.elf 
   text	   data	    bss	    dec	    hex	filename
   1176	      0	   1576	   2752	    ac0	DigitalIO.elf
Finished building: default.size.stdout
 
15:13:55 **** Incremental Build of configuration Debug for project DigitalIO ****
make -j9 all 
arm-none-eabi-gcc -mcpu=cortex-m4 -g3 -DDEBUG -c -x assembler-with-cpp -MMD -MP -MF"Startup/startup_stm32f303vctx.d" -MT"Startup/startup_stm32f303vctx.o" --specs=nano.specs -mfpu=fpv4-sp-d16 -mfloat-abi=hard -mthumb -o "Startup/startup_stm32f303vctx.o" "../Startup/startup_stm32f303vctx.s"
arm-none-eabi-gcc "../Src/digital_io.c" -mcpu=cortex-m4 -std=gnu11 -g3 -DDEBUG -DSTM32F303VCTx -DSTM32 -DSTM32F3 -DSTM32F3DISCOVERY -c -I../Inc -I"/Users/henrywilcox/MTRX_GITHEADS/DigitalIO/Inc" -O0 -ffunction-sections -fdata-sections -Wall -fstack-usage -fcyclomatic-complexity -MMD -MP -MF"Src/digital_io.d" -MT"Src/digital_io.o" --specs=nano.specs -mfpu=fpv4-sp-d16 -mfloat-abi=hard -mthumb -o "Src/digital_io.o"
arm-none-eabi-gcc "../Src/main.c" -mcpu=cortex-m4 -std=gnu11 -g3 -DDEBUG -DSTM32F303VCTx -DSTM32 -DSTM32F3 -DSTM32F3DISCOVERY -c -I../Inc -I"/Users/henrywilcox/MTRX_GITHEADS/DigitalIO/Inc" -O0 -ffunction-sections -fdata-sections -Wall -fstack-usage -fcyclomatic-complexity -MMD -MP -MF"Src/main.d" -MT"Src/main.o" --specs=nano.specs -mfpu=fpv4-sp-d16 -mfloat-abi=hard -mthumb -o "Src/main.o"
arm-none-eabi-gcc "../Src/syscalls.c" -mcpu=cortex-m4 -std=gnu11 -g3 -DDEBUG -DSTM32F303VCTx -DSTM32 -DSTM32F3 -DSTM32F3DISCOVERY -c -I../Inc -I"/Users/henrywilcox/MTRX_GITHEADS/DigitalIO/Inc" -O0 -ffunction-sections -fdata-sections -Wall -fstack-usage -fcyclomatic-complexity -MMD -MP -MF"Src/syscalls.d" -MT"Src/syscalls.o" --specs=nano.specs -mfpu=fpv4-sp-d16 -mfloat-abi=hard -mthumb -o "Src/syscalls.o"
arm-none-eabi-gcc "../Src/sysmem.c" -mcpu=cortex-m4 -std=gnu11 -g3 -DDEBUG -DSTM32F303VCTx -DSTM32 -DSTM32F3 -DSTM32F3DISCOVERY -c -I../Inc -I"/Users/henrywilcox/MTRX_GITHEADS/DigitalIO/Inc" -O0 -ffunction-sections -fdata-sections -Wall -fstack-usage -fcyclomatic-complexity -MMD -MP -MF"Src/sysmem.d" -MT"Src/sysmem.o" --specs=nano.specs -mfpu=fpv4-sp-d16 -mfloat-abi=hard -mthumb -o "Src/sysmem.o"
../Src/main.c:24:4: warning: #warning "FPU is not initialized, but the project is compiling for an FPU. Please initialize the FPU before use." [-Wcpp]
   24 |   #warning "FPU is not initialized, but the project is compiling for an FPU. Please initialize the FPU before use."
      |    ^~~~~~~
../Src/digital_io.c:25:4: warning: #warning "FPU is not initialized, but the project is compiling for an FPU. Please initialize the FPU before use." [-Wcpp]
   25 |   #warning "FPU is not initialized, but the project is compiling for an FPU. Please initialize the FPU before use."
      |    ^~~~~~~
arm-none-eabi-gcc -o "DigitalIO.elf" @"objects.list"   -mcpu=cortex-m4 -T"/Users/henrywilcox/MTRX_GITHEADS/DigitalIO/STM32F303VCTX_FLASH.ld" --specs=nosys.specs -Wl,-Map="DigitalIO.map" -Wl,--gc-sections -static --specs=nano.specs -mfpu=fpv4-sp-d16 -mfloat-abi=hard -mthumb -Wl,--start-group -lc -lm -Wl,--end-group
Finished building target: DigitalIO.elf
 
arm-none-eabi-size  DigitalIO.elf 
arm-none-eabi-objdump -h -S DigitalIO.elf  > "DigitalIO.list"
   text	   data	    bss	    dec	    hex	filename
   1176	      0	   1576	   2752	    ac0	DigitalIO.elf
Finished building: default.size.stdout
 
Finished building: DigitalIO.list
 
15:14:09 **** Build of configuration Debug for project SerialInterface ****
make -j9 all 
arm-none-eabi-gcc -mcpu=cortex-m4 -g3 -DDEBUG -c -x assembler-with-cpp -MMD -MP -MF"Startup/startup_stm32f303vctx.d" -MT"Startup/startup_stm32f303vctx.o" --specs=nano.specs -mfpu=fpv4-sp-d16 -mfloat-abi=hard -mthumb -o "Startup/startup_stm32f303vctx.o" "../Startup/startup_stm32f303vctx.s"
arm-none-eabi-gcc "../Src/main.c" -mcpu=cortex-m4 -std=gnu11 -g3 -DDEBUG -DSTM32F303VCTx -DSTM32 -DSTM32F3 -DSTM32F3DISCOVERY -c -I../Inc -O0 -ffunction-sections -fdata-sections -Wall -fstack-usage -fcyclomatic-complexity -MMD -MP -MF"Src/main.d" -MT"Src/main.o" --specs=nano.specs -mfpu=fpv4-sp-d16 -mfloat-abi=hard -mthumb -o "Src/main.o"
arm-none-eabi-gcc "../Src/serial.c" -mcpu=cortex-m4 -std=gnu11 -g3 -DDEBUG -DSTM32F303VCTx -DSTM32 -DSTM32F3 -DSTM32F3DISCOVERY -c -I../Inc -O0 -ffunction-sections -fdata-sections -Wall -fstack-usage -fcyclomatic-complexity -MMD -MP -MF"Src/serial.d" -MT"Src/serial.o" --specs=nano.specs -mfpu=fpv4-sp-d16 -mfloat-abi=hard -mthumb -o "Src/serial.o"
arm-none-eabi-gcc "../Src/syscalls.c" -mcpu=cortex-m4 -std=gnu11 -g3 -DDEBUG -DSTM32F303VCTx -DSTM32 -DSTM32F3 -DSTM32F3DISCOVERY -c -I../Inc -O0 -ffunction-sections -fdata-sections -Wall -fstack-usage -fcyclomatic-complexity -MMD -MP -MF"Src/syscalls.d" -MT"Src/syscalls.o" --specs=nano.specs -mfpu=fpv4-sp-d16 -mfloat-abi=hard -mthumb -o "Src/syscalls.o"
arm-none-eabi-gcc "../Src/sysmem.c" -mcpu=cortex-m4 -std=gnu11 -g3 -DDEBUG -DSTM32F303VCTx -DSTM32 -DSTM32F3 -DSTM32F3DISCOVERY -c -I../Inc -O0 -ffunction-sections -fdata-sections -Wall -fstack-usage -fcyclomatic-complexity -MMD -MP -MF"Src/sysmem.d" -MT"Src/sysmem.o" --specs=nano.specs -mfpu=fpv4-sp-d16 -mfloat-abi=hard -mthumb -o "Src/sysmem.o"
../Src/main.c:24:10: fatal error: movement.h: No such file or directory
   24 | #include "movement.h"
      |          ^~~~~~~~~~~~
compilation terminated.
make: *** [Src/subdir.mk:28: Src/main.o] Error 1
make: *** Waiting for unfinished jobs....
"make -j9 all" terminated with exit code 2. Build might be incomplete.
15:14:32 **** Incremental Build of configuration Debug for project SerialInterface ****
make -j9 all 
arm-none-eabi-gcc "../Src/main.c" -mcpu=cortex-m4 -std=gnu11 -g3 -DDEBUG -DSTM32F303VCTx -DSTM32 -DSTM32F3 -DSTM32F3DISCOVERY -c -I../Inc -O0 -ffunction-sections -fdata-sections -Wall -fstack-usage -fcyclomatic-complexity -MMD -MP -MF"Src/main.d" -MT"Src/main.o" --specs=nano.specs -mfpu=fpv4-sp-d16 -mfloat-abi=hard -mthumb -o "Src/main.o"
../Src/main.c:29:2: warning: #warning "FPU is not initialized, but the project is compiling for an FPU. Please initialize the FPU before use." [-Wcpp]
   29 | #warning "FPU is not initialized, but the project is compiling for an FPU. Please initialize the FPU before use."
      |  ^~~~~~~
../Src/main.c: In function 'finished_transmission':
../Src/main.c:36:27: warning: unused variable 'test' [-Wunused-variable]
   36 |         volatile uint32_t test = 0;
      |                           ^~~~
../Src/main.c: In function 'main':
../Src/main.c:48:35: warning: pointer targets in initialization of 'uint8_t *' {aka 'unsigned char *'} from 'char *' differ in signedness [-Wpointer-sign]
   48 |         uint8_t *string_to_send = "This is a string !\r\n";
      |                                   ^~~~~~~~~~~~~~~~~~~~~~~~
arm-none-eabi-gcc -o "SerialInterface.elf" @"objects.list"   -mcpu=cortex-m4 -T"/Users/henrywilcox/MTRX_GITHEADS/SerialInterface/STM32F303VCTX_FLASH.ld" --specs=nosys.specs -Wl,-Map="SerialInterface.map" -Wl,--gc-sections -static --specs=nano.specs -mfpu=fpv4-sp-d16 -mfloat-abi=hard -mthumb -Wl,--start-group -lc -lm -Wl,--end-group
/Applications/STM32CubeIDE.app/Contents/Eclipse/plugins/com.st.stm32cube.ide.mcu.externaltools.gnu-tools-for-stm32.12.3.rel1.macos64_1.1.0.202410301201/tools/bin/../lib/gcc/arm-none-eabi/12.3.1/../../../../arm-none-eabi/bin/ld: ./Src/main.o: in function `main':
/Users/henrywilcox/MTRX_GITHEADS/SerialInterface/Debug/../Src/main.c:52: undefined reference to `SerialInitialise'
/Applications/STM32CubeIDE.app/Contents/Eclipse/plugins/com.st.stm32cube.ide.mcu.externaltools.gnu-tools-for-stm32.12.3.rel1.macos64_1.1.0.202410301201/tools/bin/../lib/gcc/arm-none-eabi/12.3.1/../../../../arm-none-eabi/bin/ld: /Users/henrywilcox/MTRX_GITHEADS/SerialInterface/Debug/../Src/main.c:57: undefined reference to `SerialOutputString'
/Applications/STM32CubeIDE.app/Contents/Eclipse/plugins/com.st.stm32cube.ide.mcu.externaltools.gnu-tools-for-stm32.12.3.rel1.macos64_1.1.0.202410301201/tools/bin/../lib/gcc/arm-none-eabi/12.3.1/../../../../arm-none-eabi/bin/ld: /Users/henrywilcox/MTRX_GITHEADS/SerialInterface/Debug/../Src/main.c:57: undefined reference to `USART1_PORT'
collect2: error: ld returned 1 exit status
make: *** [makefile:63: SerialInterface.elf] Error 1
"make -j9 all" terminated with exit code 2. Build might be incomplete.
15:17:09 **** Incremental Build of configuration Debug for project SerialInterface ****
make -j9 all 
arm-none-eabi-gcc "../Src/serial.c" -mcpu=cortex-m4 -std=gnu11 -g3 -DDEBUG -DSTM32F303VCTx -DSTM32 -DSTM32F3 -DSTM32F3DISCOVERY -c -I../Inc -O0 -ffunction-sections -fdata-sections -Wall -fstack-usage -fcyclomatic-complexity -MMD -MP -MF"Src/serial.d" -MT"Src/serial.o" --specs=nano.specs -mfpu=fpv4-sp-d16 -mfloat-abi=hard -mthumb -o "Src/serial.o"
arm-none-eabi-gcc -o "SerialInterface.elf" @"objects.list"   -mcpu=cortex-m4 -T"/Users/henrywilcox/MTRX_GITHEADS/SerialInterface/STM32F303VCTX_FLASH.ld" --specs=nosys.specs -Wl,-Map="SerialInterface.map" -Wl,--gc-sections -static --specs=nano.specs -mfpu=fpv4-sp-d16 -mfloat-abi=hard -mthumb -Wl,--start-group -lc -lm -Wl,--end-group
/Applications/STM32CubeIDE.app/Contents/Eclipse/plugins/com.st.stm32cube.ide.mcu.externaltools.gnu-tools-for-stm32.12.3.rel1.macos64_1.1.0.202410301201/tools/bin/../lib/gcc/arm-none-eabi/12.3.1/../../../../arm-none-eabi/bin/ld: ./Src/main.o: in function `main':
/Users/henrywilcox/MTRX_GITHEADS/SerialInterface/Debug/../Src/main.c:52: undefined reference to `SerialInitialise'
/Applications/STM32CubeIDE.app/Contents/Eclipse/plugins/com.st.stm32cube.ide.mcu.externaltools.gnu-tools-for-stm32.12.3.rel1.macos64_1.1.0.202410301201/tools/bin/../lib/gcc/arm-none-eabi/12.3.1/../../../../arm-none-eabi/bin/ld: /Users/henrywilcox/MTRX_GITHEADS/SerialInterface/Debug/../Src/main.c:57: undefined reference to `SerialOutputString'
/Applications/STM32CubeIDE.app/Contents/Eclipse/plugins/com.st.stm32cube.ide.mcu.externaltools.gnu-tools-for-stm32.12.3.rel1.macos64_1.1.0.202410301201/tools/bin/../lib/gcc/arm-none-eabi/12.3.1/../../../../arm-none-eabi/bin/ld: /Users/henrywilcox/MTRX_GITHEADS/SerialInterface/Debug/../Src/main.c:57: undefined reference to `USART1_PORT'
collect2: error: ld returned 1 exit status
make: *** [makefile:63: SerialInterface.elf] Error 1
"make -j9 all" terminated with exit code 2. Build might be incomplete.
15:19:51 **** Clean-only build of configuration Debug for project SerialInterface ****
make -j9 clean 
rm -rf ./Startup/startup_stm32f303vctx.d ./Startup/startup_stm32f303vctx.o
rm -rf ./Src/main.cyclo ./Src/main.d ./Src/main.o ./Src/main.su ./Src/serial.cyclo ./Src/serial.d ./Src/serial.o ./Src/serial.su ./Src/syscalls.cyclo ./Src/syscalls.d ./Src/syscalls.o ./Src/syscalls.su ./Src/sysmem.cyclo ./Src/sysmem.d ./Src/sysmem.o ./Src/sysmem.su
rm -rf SerialInterface.elf SerialInterface.list SerialInterface.map default.size.stdout
 
15:19:51 **** Incremental Build of configuration Debug for project DigitalIO ****
make -j9 all 
arm-none-eabi-size  DigitalIO.elf 
   text	   data	    bss	    dec	    hex	filename
   1176	      0	   1576	   2752	    ac0	DigitalIO.elf
Finished building: default.size.stdout
 
15:19:52 **** Build of configuration Debug for project F3-components ****
make -j9 all 
arm-none-eabi-gcc "../Src/lsm303dlhc/lsm303dlhc.c" -mcpu=cortex-m4 -std=gnu11 -g3 -DDEBUG -DUSE_HAL_DRIVER -DSTM32F303xC -c -I../Drivers/CMSIS/Device/ST/STM32F3xx/Include -I../Drivers/CMSIS/Include -I../Inc -I../Drivers/STM32F3xx_HAL_Driver/Inc -I../Drivers/STM32F3xx_HAL_Driver/Inc/Legacy -I../Src -O0 -ffunction-sections -fdata-sections -Wall -fstack-usage -fcyclomatic-complexity -MMD -MP -MF"Src/lsm303dlhc/lsm303dlhc.d" -MT"Src/lsm303dlhc/lsm303dlhc.o" --specs=nano.specs -mfpu=fpv4-sp-d16 -mfloat-abi=hard -mthumb -o "Src/lsm303dlhc/lsm303dlhc.o"
arm-none-eabi-gcc "../Src/lsm303agr/lsm303agr.c" -mcpu=cortex-m4 -std=gnu11 -g3 -DDEBUG -DUSE_HAL_DRIVER -DSTM32F303xC -c -I../Drivers/CMSIS/Device/ST/STM32F3xx/Include -I../Drivers/CMSIS/Include -I../Inc -I../Drivers/STM32F3xx_HAL_Driver/Inc -I../Drivers/STM32F3xx_HAL_Driver/Inc/Legacy -I../Src -O0 -ffunction-sections -fdata-sections -Wall -fstack-usage -fcyclomatic-complexity -MMD -MP -MF"Src/lsm303agr/lsm303agr.d" -MT"Src/lsm303agr/lsm303agr.o" --specs=nano.specs -mfpu=fpv4-sp-d16 -mfloat-abi=hard -mthumb -o "Src/lsm303agr/lsm303agr.o"
arm-none-eabi-gcc "../Src/l3gd20/l3gd20.c" -mcpu=cortex-m4 -std=gnu11 -g3 -DDEBUG -DUSE_HAL_DRIVER -DSTM32F303xC -c -I../Drivers/CMSIS/Device/ST/STM32F3xx/Include -I../Drivers/CMSIS/Include -I../Inc -I../Drivers/STM32F3xx_HAL_Driver/Inc -I../Drivers/STM32F3xx_HAL_Driver/Inc/Legacy -I../Src -O0 -ffunction-sections -fdata-sections -Wall -fstack-usage -fcyclomatic-complexity -MMD -MP -MF"Src/l3gd20/l3gd20.d" -MT"Src/l3gd20/l3gd20.o" --specs=nano.specs -mfpu=fpv4-sp-d16 -mfloat-abi=hard -mthumb -o "Src/l3gd20/l3gd20.o"
arm-none-eabi-gcc "../Src/i3g4250d/i3g4250d.c" -mcpu=cortex-m4 -std=gnu11 -g3 -DDEBUG -DUSE_HAL_DRIVER -DSTM32F303xC -c -I../Drivers/CMSIS/Device/ST/STM32F3xx/Include -I../Drivers/CMSIS/Include -I../Inc -I../Drivers/STM32F3xx_HAL_Driver/Inc -I../Drivers/STM32F3xx_HAL_Driver/Inc/Legacy -I../Src -O0 -ffunction-sections -fdata-sections -Wall -fstack-usage -fcyclomatic-complexity -MMD -MP -MF"Src/i3g4250d/i3g4250d.d" -MT"Src/i3g4250d/i3g4250d.o" --specs=nano.specs -mfpu=fpv4-sp-d16 -mfloat-abi=hard -mthumb -o "Src/i3g4250d/i3g4250d.o"
arm-none-eabi-gcc "../Src/BSP/F3-disco-BSP.c" -mcpu=cortex-m4 -std=gnu11 -g3 -DDEBUG -DUSE_HAL_DRIVER -DSTM32F303xC -c -I../Drivers/CMSIS/Device/ST/STM32F3xx/Include -I../Drivers/CMSIS/Include -I../Inc -I../Drivers/STM32F3xx_HAL_Driver/Inc -I../Drivers/STM32F3xx_HAL_Driver/Inc/Legacy -I../Src -O0 -ffunction-sections -fdata-sections -Wall -fstack-usage -fcyclomatic-complexity -MMD -MP -MF"Src/BSP/F3-disco-BSP.d" -MT"Src/BSP/F3-disco-BSP.o" --specs=nano.specs -mfpu=fpv4-sp-d16 -mfloat-abi=hard -mthumb -o "Src/BSP/F3-disco-BSP.o"
arm-none-eabi-gcc "../Src/BSP/stm32f3_discovery.c" -mcpu=cortex-m4 -std=gnu11 -g3 -DDEBUG -DUSE_HAL_DRIVER -DSTM32F303xC -c -I../Drivers/CMSIS/Device/ST/STM32F3xx/Include -I../Drivers/CMSIS/Include -I../Inc -I../Drivers/STM32F3xx_HAL_Driver/Inc -I../Drivers/STM32F3xx_HAL_Driver/Inc/Legacy -I../Src -O0 -ffunction-sections -fdata-sections -Wall -fstack-usage -fcyclomatic-complexity -MMD -MP -MF"Src/BSP/stm32f3_discovery.d" -MT"Src/BSP/stm32f3_discovery.o" --specs=nano.specs -mfpu=fpv4-sp-d16 -mfloat-abi=hard -mthumb -o "Src/BSP/stm32f3_discovery.o"
arm-none-eabi-gcc "../Src/BSP/stm32f3_discovery_accelerometer.c" -mcpu=cortex-m4 -std=gnu11 -g3 -DDEBUG -DUSE_HAL_DRIVER -DSTM32F303xC -c -I../Drivers/CMSIS/Device/ST/STM32F3xx/Include -I../Drivers/CMSIS/Include -I../Inc -I../Drivers/STM32F3xx_HAL_Driver/Inc -I../Drivers/STM32F3xx_HAL_Driver/Inc/Legacy -I../Src -O0 -ffunction-sections -fdata-sections -Wall -fstack-usage -fcyclomatic-complexity -MMD -MP -MF"Src/BSP/stm32f3_discovery_accelerometer.d" -MT"Src/BSP/stm32f3_discovery_accelerometer.o" --specs=nano.specs -mfpu=fpv4-sp-d16 -mfloat-abi=hard -mthumb -o "Src/BSP/stm32f3_discovery_accelerometer.o"
arm-none-eabi-gcc "../Src/BSP/stm32f3_discovery_gyroscope.c" -mcpu=cortex-m4 -std=gnu11 -g3 -DDEBUG -DUSE_HAL_DRIVER -DSTM32F303xC -c -I../Drivers/CMSIS/Device/ST/STM32F3xx/Include -I../Drivers/CMSIS/Include -I../Inc -I../Drivers/STM32F3xx_HAL_Driver/Inc -I../Drivers/STM32F3xx_HAL_Driver/Inc/Legacy -I../Src -O0 -ffunction-sections -fdata-sections -Wall -fstack-usage -fcyclomatic-complexity -MMD -MP -MF"Src/BSP/stm32f3_discovery_gyroscope.d" -MT"Src/BSP/stm32f3_discovery_gyroscope.o" --specs=nano.specs -mfpu=fpv4-sp-d16 -mfloat-abi=hard -mthumb -o "Src/BSP/stm32f3_discovery_gyroscope.o"
arm-none-eabi-gcc "../Src/BSP/syscalls.c" -mcpu=cortex-m4 -std=gnu11 -g3 -DDEBUG -DUSE_HAL_DRIVER -DSTM32F303xC -c -I../Drivers/CMSIS/Device/ST/STM32F3xx/Include -I../Drivers/CMSIS/Include -I../Inc -I../Drivers/STM32F3xx_HAL_Driver/Inc -I../Drivers/STM32F3xx_HAL_Driver/Inc/Legacy -I../Src -O0 -ffunction-sections -fdata-sections -Wall -fstack-usage -fcyclomatic-complexity -MMD -MP -MF"Src/BSP/syscalls.d" -MT"Src/BSP/syscalls.o" --specs=nano.specs -mfpu=fpv4-sp-d16 -mfloat-abi=hard -mthumb -o "Src/BSP/syscalls.o"
arm-none-eabi-gcc "../Src/BSP/sysmem.c" -mcpu=cortex-m4 -std=gnu11 -g3 -DDEBUG -DUSE_HAL_DRIVER -DSTM32F303xC -c -I../Drivers/CMSIS/Device/ST/STM32F3xx/Include -I../Drivers/CMSIS/Include -I../Inc -I../Drivers/STM32F3xx_HAL_Driver/Inc -I../Drivers/STM32F3xx_HAL_Driver/Inc/Legacy -I../Src -O0 -ffunction-sections -fdata-sections -Wall -fstack-usage -fcyclomatic-complexity -MMD -MP -MF"Src/BSP/sysmem.d" -MT"Src/BSP/sysmem.o" --specs=nano.specs -mfpu=fpv4-sp-d16 -mfloat-abi=hard -mthumb -o "Src/BSP/sysmem.o"
arm-none-eabi-gcc "../Src/F3-components.c" -mcpu=cortex-m4 -std=gnu11 -g3 -DDEBUG -DUSE_HAL_DRIVER -DSTM32F303xC -c -I../Drivers/CMSIS/Device/ST/STM32F3xx/Include -I../Drivers/CMSIS/Include -I../Inc -I../Drivers/STM32F3xx_HAL_Driver/Inc -I../Drivers/STM32F3xx_HAL_Driver/Inc/Legacy -I../Src -O0 -ffunction-sections -fdata-sections -Wall -fstack-usage -fcyclomatic-complexity -MMD -MP -MF"Src/F3-components.d" -MT"Src/F3-components.o" --specs=nano.specs -mfpu=fpv4-sp-d16 -mfloat-abi=hard -mthumb -o "Src/F3-components.o"
arm-none-eabi-gcc "../Src/syscalls.c" -mcpu=cortex-m4 -std=gnu11 -g3 -DDEBUG -DUSE_HAL_DRIVER -DSTM32F303xC -c -I../Drivers/CMSIS/Device/ST/STM32F3xx/Include -I../Drivers/CMSIS/Include -I../Inc -I../Drivers/STM32F3xx_HAL_Driver/Inc -I../Drivers/STM32F3xx_HAL_Driver/Inc/Legacy -I../Src -O0 -ffunction-sections -fdata-sections -Wall -fstack-usage -fcyclomatic-complexity -MMD -MP -MF"Src/syscalls.d" -MT"Src/syscalls.o" --specs=nano.specs -mfpu=fpv4-sp-d16 -mfloat-abi=hard -mthumb -o "Src/syscalls.o"
arm-none-eabi-gcc "../Src/sysmem.c" -mcpu=cortex-m4 -std=gnu11 -g3 -DDEBUG -DUSE_HAL_DRIVER -DSTM32F303xC -c -I../Drivers/CMSIS/Device/ST/STM32F3xx/Include -I../Drivers/CMSIS/Include -I../Inc -I../Drivers/STM32F3xx_HAL_Driver/Inc -I../Drivers/STM32F3xx_HAL_Driver/Inc/Legacy -I../Src -O0 -ffunction-sections -fdata-sections -Wall -fstack-usage -fcyclomatic-complexity -MMD -MP -MF"Src/sysmem.d" -MT"Src/sysmem.o" --specs=nano.specs -mfpu=fpv4-sp-d16 -mfloat-abi=hard -mthumb -o "Src/sysmem.o"
arm-none-eabi-gcc "../Drivers/CMSIS/Device/ST/STM32F3xx/Source/Templates/system_stm32f3xx.c" -mcpu=cortex-m4 -std=gnu11 -g3 -DDEBUG -DUSE_HAL_DRIVER -DSTM32F303xC -c -I../Drivers/CMSIS/Device/ST/STM32F3xx/Include -I../Drivers/CMSIS/Include -I../Inc -I../Drivers/STM32F3xx_HAL_Driver/Inc -I../Drivers/STM32F3xx_HAL_Driver/Inc/Legacy -I../Src -O0 -ffunction-sections -fdata-sections -Wall -fstack-usage -fcyclomatic-complexity -MMD -MP -MF"Drivers/CMSIS/Device/ST/STM32F3xx/Source/Templates/system_stm32f3xx.d" -MT"Drivers/CMSIS/Device/ST/STM32F3xx/Source/Templates/system_stm32f3xx.o" --specs=nano.specs -mfpu=fpv4-sp-d16 -mfloat-abi=hard -mthumb -o "Drivers/CMSIS/Device/ST/STM32F3xx/Source/Templates/system_stm32f3xx.o"
arm-none-eabi-ar -r  "libF3-components.a" @"objects.list"  
arm-none-eabi-ar: creating libF3-components.a
Finished building target: libF3-components.a
 
15:19:53 **** Build of configuration Debug for project L01-array-example ****
make -j9 all 
arm-none-eabi-gcc -mcpu=cortex-m4 -g3 -DDEBUG -c -x assembler-with-cpp -MMD -MP -MF"Startup/startup_stm32f303vctx.d" -MT"Startup/startup_stm32f303vctx.o" --specs=nano.specs -mfpu=fpv4-sp-d16 -mfloat-abi=hard -mthumb -o "Startup/startup_stm32f303vctx.o" "../Startup/startup_stm32f303vctx.s"
arm-none-eabi-gcc -mcpu=cortex-m4 -g3 -DDEBUG -c -x assembler-with-cpp -MMD -MP -MF"Src/assembly.d" -MT"Src/assembly.o" --specs=nano.specs -mfpu=fpv4-sp-d16 -mfloat-abi=hard -mthumb -o "Src/assembly.o" "../Src/assembly.s"
arm-none-eabi-gcc -o "L01-array-example.elf" @"objects.list"   -mcpu=cortex-m4 -T"/Users/henrywilcox/MTRX2700-2025/L01-array-example/STM32F303VCTX_FLASH.ld" --specs=nosys.specs -Wl,-Map="L01-array-example.map" -Wl,--gc-sections -static --specs=nano.specs -mfpu=fpv4-sp-d16 -mfloat-abi=hard -mthumb -Wl,--start-group -lc -lm -Wl,--end-group
/Applications/STM32CubeIDE.app/Contents/Eclipse/plugins/com.st.stm32cube.ide.mcu.externaltools.gnu-tools-for-stm32.12.3.rel1.macos64_1.1.0.202410301201/tools/bin/../lib/gcc/arm-none-eabi/12.3.1/../../../../arm-none-eabi/bin/ld: /Applications/STM32CubeIDE.app/Contents/Eclipse/plugins/com.st.stm32cube.ide.mcu.externaltools.gnu-tools-for-stm32.12.3.rel1.macos64_1.1.0.202410301201/tools/bin/../lib/gcc/arm-none-eabi/12.3.1/../../../../arm-none-eabi/lib/thumb/v7e-m+fp/hard/libc_nano.a(libc_a-closer.o): in function `_close_r':
(.text._close_r+0xc): warning: _close is not implemented and will always fail
/Applications/STM32CubeIDE.app/Contents/Eclipse/plugins/com.st.stm32cube.ide.mcu.externaltools.gnu-tools-for-stm32.12.3.rel1.macos64_1.1.0.202410301201/tools/bin/../lib/gcc/arm-none-eabi/12.3.1/../../../../arm-none-eabi/bin/ld: /Applications/STM32CubeIDE.app/Contents/Eclipse/plugins/com.st.stm32cube.ide.mcu.externaltools.gnu-tools-for-stm32.12.3.rel1.macos64_1.1.0.202410301201/tools/bin/../lib/gcc/arm-none-eabi/12.3.1/../../../../arm-none-eabi/lib/thumb/v7e-m+fp/hard/libc_nano.a(libc_a-lseekr.o): in function `_lseek_r':
(.text._lseek_r+0x10): warning: _lseek is not implemented and will always fail
/Applications/STM32CubeIDE.app/Contents/Eclipse/plugins/com.st.stm32cube.ide.mcu.externaltools.gnu-tools-for-stm32.12.3.rel1.macos64_1.1.0.202410301201/tools/bin/../lib/gcc/arm-none-eabi/12.3.1/../../../../arm-none-eabi/bin/ld: /Applications/STM32CubeIDE.app/Contents/Eclipse/plugins/com.st.stm32cube.ide.mcu.externaltools.gnu-tools-for-stm32.12.3.rel1.macos64_1.1.0.202410301201/tools/bin/../lib/gcc/arm-none-eabi/12.3.1/../../../../arm-none-eabi/lib/thumb/v7e-m+fp/hard/libc_nano.a(libc_a-readr.o): in function `_read_r':
(.text._read_r+0x10): warning: _read is not implemented and will always fail
/Applications/STM32CubeIDE.app/Contents/Eclipse/plugins/com.st.stm32cube.ide.mcu.externaltools.gnu-tools-for-stm32.12.3.rel1.macos64_1.1.0.202410301201/tools/bin/../lib/gcc/arm-none-eabi/12.3.1/../../../../arm-none-eabi/bin/ld: /Applications/STM32CubeIDE.app/Contents/Eclipse/plugins/com.st.stm32cube.ide.mcu.externaltools.gnu-tools-for-stm32.12.3.rel1.macos64_1.1.0.202410301201/tools/bin/../lib/gcc/arm-none-eabi/12.3.1/../../../../arm-none-eabi/lib/thumb/v7e-m+fp/hard/libc_nano.a(libc_a-writer.o): in function `_write_r':
(.text._write_r+0x10): warning: _write is not implemented and will always fail
/Applications/STM32CubeIDE.app/Contents/Eclipse/plugins/com.st.stm32cube.ide.mcu.externaltools.gnu-tools-for-stm32.12.3.rel1.macos64_1.1.0.202410301201/tools/bin/../lib/gcc/arm-none-eabi/12.3.1/../../../../arm-none-eabi/bin/ld: warning: L01-array-example.elf has a LOAD segment with RWX permissions
Finished building target: L01-array-example.elf
 
arm-none-eabi-size  L01-array-example.elf 
arm-none-eabi-objdump -h -S L01-array-example.elf  > "L01-array-example.list"
   text	   data	    bss	    dec	    hex	filename
    708	    104	   1568	   2380	    94c	L01-array-example.elf
Finished building: default.size.stdout
 
Finished building: L01-array-example.list
 
15:19:53 **** Build of configuration Debug for project L01-basic-example ****
make -j9 all 
arm-none-eabi-gcc -mcpu=cortex-m4 -g3 -DDEBUG -c -x assembler-with-cpp -MMD -MP -MF"Startup/startup_stm32f303vctx.d" -MT"Startup/startup_stm32f303vctx.o" --specs=nano.specs -mfpu=fpv4-sp-d16 -mfloat-abi=hard -mthumb -o "Startup/startup_stm32f303vctx.o" "../Startup/startup_stm32f303vctx.s"
arm-none-eabi-gcc -mcpu=cortex-m4 -g3 -DDEBUG -c -x assembler-with-cpp -MMD -MP -MF"Src/assembly.d" -MT"Src/assembly.o" --specs=nano.specs -mfpu=fpv4-sp-d16 -mfloat-abi=hard -mthumb -o "Src/assembly.o" "../Src/assembly.s"
arm-none-eabi-gcc -o "L01-basic-example.elf" @"objects.list"   -mcpu=cortex-m4 -T"/Users/henrywilcox/MTRX2700-2025/L01-basic-example/STM32F303VCTX_FLASH.ld" --specs=nosys.specs -Wl,-Map="L01-basic-example.map" -Wl,--gc-sections -static --specs=nano.specs -mfpu=fpv4-sp-d16 -mfloat-abi=hard -mthumb -Wl,--start-group -lc -lm -Wl,--end-group
/Applications/STM32CubeIDE.app/Contents/Eclipse/plugins/com.st.stm32cube.ide.mcu.externaltools.gnu-tools-for-stm32.12.3.rel1.macos64_1.1.0.202410301201/tools/bin/../lib/gcc/arm-none-eabi/12.3.1/../../../../arm-none-eabi/bin/ld: /Applications/STM32CubeIDE.app/Contents/Eclipse/plugins/com.st.stm32cube.ide.mcu.externaltools.gnu-tools-for-stm32.12.3.rel1.macos64_1.1.0.202410301201/tools/bin/../lib/gcc/arm-none-eabi/12.3.1/../../../../arm-none-eabi/lib/thumb/v7e-m+fp/hard/libc_nano.a(libc_a-closer.o): in function `_close_r':
(.text._close_r+0xc): warning: _close is not implemented and will always fail
/Applications/STM32CubeIDE.app/Contents/Eclipse/plugins/com.st.stm32cube.ide.mcu.externaltools.gnu-tools-for-stm32.12.3.rel1.macos64_1.1.0.202410301201/tools/bin/../lib/gcc/arm-none-eabi/12.3.1/../../../../arm-none-eabi/bin/ld: /Applications/STM32CubeIDE.app/Contents/Eclipse/plugins/com.st.stm32cube.ide.mcu.externaltools.gnu-tools-for-stm32.12.3.rel1.macos64_1.1.0.202410301201/tools/bin/../lib/gcc/arm-none-eabi/12.3.1/../../../../arm-none-eabi/lib/thumb/v7e-m+fp/hard/libc_nano.a(libc_a-lseekr.o): in function `_lseek_r':
(.text._lseek_r+0x10): warning: _lseek is not implemented and will always fail
/Applications/STM32CubeIDE.app/Contents/Eclipse/plugins/com.st.stm32cube.ide.mcu.externaltools.gnu-tools-for-stm32.12.3.rel1.macos64_1.1.0.202410301201/tools/bin/../lib/gcc/arm-none-eabi/12.3.1/../../../../arm-none-eabi/bin/ld: /Applications/STM32CubeIDE.app/Contents/Eclipse/plugins/com.st.stm32cube.ide.mcu.externaltools.gnu-tools-for-stm32.12.3.rel1.macos64_1.1.0.202410301201/tools/bin/../lib/gcc/arm-none-eabi/12.3.1/../../../../arm-none-eabi/lib/thumb/v7e-m+fp/hard/libc_nano.a(libc_a-readr.o): in function `_read_r':
(.text._read_r+0x10): warning: _read is not implemented and will always fail
/Applications/STM32CubeIDE.app/Contents/Eclipse/plugins/com.st.stm32cube.ide.mcu.externaltools.gnu-tools-for-stm32.12.3.rel1.macos64_1.1.0.202410301201/tools/bin/../lib/gcc/arm-none-eabi/12.3.1/../../../../arm-none-eabi/bin/ld: /Applications/STM32CubeIDE.app/Contents/Eclipse/plugins/com.st.stm32cube.ide.mcu.externaltools.gnu-tools-for-stm32.12.3.rel1.macos64_1.1.0.202410301201/tools/bin/../lib/gcc/arm-none-eabi/12.3.1/../../../../arm-none-eabi/lib/thumb/v7e-m+fp/hard/libc_nano.a(libc_a-writer.o): in function `_write_r':
(.text._write_r+0x10): warning: _write is not implemented and will always fail
/Applications/STM32CubeIDE.app/Contents/Eclipse/plugins/com.st.stm32cube.ide.mcu.externaltools.gnu-tools-for-stm32.12.3.rel1.macos64_1.1.0.202410301201/tools/bin/../lib/gcc/arm-none-eabi/12.3.1/../../../../arm-none-eabi/bin/ld: warning: L01-basic-example.elf has a LOAD segment with RWX permissions
Finished building target: L01-basic-example.elf
 
arm-none-eabi-size  L01-basic-example.elf 
arm-none-eabi-objdump -h -S L01-basic-example.elf  > "L01-basic-example.list"
   text	   data	    bss	    dec	    hex	filename
    672	     24	   1568	   2264	    8d8	L01-basic-example.elf
Finished building: default.size.stdout
 
Finished building: L01-basic-example.list
 
15:19:54 **** Build of configuration Debug for project L01-digital-io-example ****
make -j9 all 
arm-none-eabi-gcc -mcpu=cortex-m4 -g3 -DDEBUG -c -x assembler-with-cpp -MMD -MP -MF"Startup/startup_stm32f303vctx.d" -MT"Startup/startup_stm32f303vctx.o" --specs=nano.specs -mfpu=fpv4-sp-d16 -mfloat-abi=hard -mthumb -o "Startup/startup_stm32f303vctx.o" "../Startup/startup_stm32f303vctx.s"
arm-none-eabi-gcc -mcpu=cortex-m4 -g3 -DDEBUG -c -x assembler-with-cpp -MMD -MP -MF"Src/assembly.d" -MT"Src/assembly.o" --specs=nano.specs -mfpu=fpv4-sp-d16 -mfloat-abi=hard -mthumb -o "Src/assembly.o" "../Src/assembly.s"
arm-none-eabi-gcc -mcpu=cortex-m4 -g3 -DDEBUG -c -x assembler-with-cpp -MMD -MP -MF"Src/definitions.d" -MT"Src/definitions.o" --specs=nano.specs -mfpu=fpv4-sp-d16 -mfloat-abi=hard -mthumb -o "Src/definitions.o" "../Src/definitions.s"
arm-none-eabi-gcc -mcpu=cortex-m4 -g3 -DDEBUG -c -x assembler-with-cpp -MMD -MP -MF"Src/initialise.d" -MT"Src/initialise.o" --specs=nano.specs -mfpu=fpv4-sp-d16 -mfloat-abi=hard -mthumb -o "Src/initialise.o" "../Src/initialise.s"
arm-none-eabi-gcc -o "L01-digital-io-example.elf" @"objects.list"   -mcpu=cortex-m4 -T"/Users/henrywilcox/MTRX2700-2025/L01-digital-io-example/STM32F303VCTX_FLASH.ld" --specs=nosys.specs -Wl,-Map="L01-digital-io-example.map" -Wl,--gc-sections -static --specs=nano.specs -mfpu=fpv4-sp-d16 -mfloat-abi=hard -mthumb -Wl,--start-group -lc -lm -Wl,--end-group
/Applications/STM32CubeIDE.app/Contents/Eclipse/plugins/com.st.stm32cube.ide.mcu.externaltools.gnu-tools-for-stm32.12.3.rel1.macos64_1.1.0.202410301201/tools/bin/../lib/gcc/arm-none-eabi/12.3.1/../../../../arm-none-eabi/bin/ld: /Applications/STM32CubeIDE.app/Contents/Eclipse/plugins/com.st.stm32cube.ide.mcu.externaltools.gnu-tools-for-stm32.12.3.rel1.macos64_1.1.0.202410301201/tools/bin/../lib/gcc/arm-none-eabi/12.3.1/../../../../arm-none-eabi/lib/thumb/v7e-m+fp/hard/libc_nano.a(libc_a-closer.o): in function `_close_r':
(.text._close_r+0xc): warning: _close is not implemented and will always fail
/Applications/STM32CubeIDE.app/Contents/Eclipse/plugins/com.st.stm32cube.ide.mcu.externaltools.gnu-tools-for-stm32.12.3.rel1.macos64_1.1.0.202410301201/tools/bin/../lib/gcc/arm-none-eabi/12.3.1/../../../../arm-none-eabi/bin/ld: /Applications/STM32CubeIDE.app/Contents/Eclipse/plugins/com.st.stm32cube.ide.mcu.externaltools.gnu-tools-for-stm32.12.3.rel1.macos64_1.1.0.202410301201/tools/bin/../lib/gcc/arm-none-eabi/12.3.1/../../../../arm-none-eabi/lib/thumb/v7e-m+fp/hard/libc_nano.a(libc_a-lseekr.o): in function `_lseek_r':
(.text._lseek_r+0x10): warning: _lseek is not implemented and will always fail
/Applications/STM32CubeIDE.app/Contents/Eclipse/plugins/com.st.stm32cube.ide.mcu.externaltools.gnu-tools-for-stm32.12.3.rel1.macos64_1.1.0.202410301201/tools/bin/../lib/gcc/arm-none-eabi/12.3.1/../../../../arm-none-eabi/bin/ld: /Applications/STM32CubeIDE.app/Contents/Eclipse/plugins/com.st.stm32cube.ide.mcu.externaltools.gnu-tools-for-stm32.12.3.rel1.macos64_1.1.0.202410301201/tools/bin/../lib/gcc/arm-none-eabi/12.3.1/../../../../arm-none-eabi/lib/thumb/v7e-m+fp/hard/libc_nano.a(libc_a-readr.o): in function `_read_r':
(.text._read_r+0x10): warning: _read is not implemented and will always fail
/Applications/STM32CubeIDE.app/Contents/Eclipse/plugins/com.st.stm32cube.ide.mcu.externaltools.gnu-tools-for-stm32.12.3.rel1.macos64_1.1.0.202410301201/tools/bin/../lib/gcc/arm-none-eabi/12.3.1/../../../../arm-none-eabi/bin/ld: /Applications/STM32CubeIDE.app/Contents/Eclipse/plugins/com.st.stm32cube.ide.mcu.externaltools.gnu-tools-for-stm32.12.3.rel1.macos64_1.1.0.202410301201/tools/bin/../lib/gcc/arm-none-eabi/12.3.1/../../../../arm-none-eabi/lib/thumb/v7e-m+fp/hard/libc_nano.a(libc_a-writer.o): in function `_write_r':
(.text._write_r+0x10): warning: _write is not implemented and will always fail
/Applications/STM32CubeIDE.app/Contents/Eclipse/plugins/com.st.stm32cube.ide.mcu.externaltools.gnu-tools-for-stm32.12.3.rel1.macos64_1.1.0.202410301201/tools/bin/../lib/gcc/arm-none-eabi/12.3.1/../../../../arm-none-eabi/bin/ld: warning: L01-digital-io-example.elf has a LOAD segment with RWX permissions
Finished building target: L01-digital-io-example.elf
 
arm-none-eabi-size  L01-digital-io-example.elf 
arm-none-eabi-objdump -h -S L01-digital-io-example.elf  > "L01-digital-io-example.list"
   text	   data	    bss	    dec	    hex	filename
    712	      8	   1568	   2288	    8f0	L01-digital-io-example.elf
Finished building: default.size.stdout
 
Finished building: L01-digital-io-example.list
 
15:19:54 **** Build of configuration Debug for project SerialInterface ****
make -j9 all 
arm-none-eabi-gcc -mcpu=cortex-m4 -g3 -DDEBUG -c -x assembler-with-cpp -MMD -MP -MF"Startup/startup_stm32f303vctx.d" -MT"Startup/startup_stm32f303vctx.o" --specs=nano.specs -mfpu=fpv4-sp-d16 -mfloat-abi=hard -mthumb -o "Startup/startup_stm32f303vctx.o" "../Startup/startup_stm32f303vctx.s"
arm-none-eabi-gcc "../Src/main.c" -mcpu=cortex-m4 -std=gnu11 -g3 -DDEBUG -DSTM32F303VCTx -DSTM32 -DSTM32F3 -DSTM32F3DISCOVERY -c -I../Inc -O0 -ffunction-sections -fdata-sections -Wall -fstack-usage -fcyclomatic-complexity -MMD -MP -MF"Src/main.d" -MT"Src/main.o" --specs=nano.specs -mfpu=fpv4-sp-d16 -mfloat-abi=hard -mthumb -o "Src/main.o"
arm-none-eabi-gcc "../Src/serial.c" -mcpu=cortex-m4 -std=gnu11 -g3 -DDEBUG -DSTM32F303VCTx -DSTM32 -DSTM32F3 -DSTM32F3DISCOVERY -c -I../Inc -O0 -ffunction-sections -fdata-sections -Wall -fstack-usage -fcyclomatic-complexity -MMD -MP -MF"Src/serial.d" -MT"Src/serial.o" --specs=nano.specs -mfpu=fpv4-sp-d16 -mfloat-abi=hard -mthumb -o "Src/serial.o"
arm-none-eabi-gcc "../Src/syscalls.c" -mcpu=cortex-m4 -std=gnu11 -g3 -DDEBUG -DSTM32F303VCTx -DSTM32 -DSTM32F3 -DSTM32F3DISCOVERY -c -I../Inc -O0 -ffunction-sections -fdata-sections -Wall -fstack-usage -fcyclomatic-complexity -MMD -MP -MF"Src/syscalls.d" -MT"Src/syscalls.o" --specs=nano.specs -mfpu=fpv4-sp-d16 -mfloat-abi=hard -mthumb -o "Src/syscalls.o"
arm-none-eabi-gcc "../Src/sysmem.c" -mcpu=cortex-m4 -std=gnu11 -g3 -DDEBUG -DSTM32F303VCTx -DSTM32 -DSTM32F3 -DSTM32F3DISCOVERY -c -I../Inc -O0 -ffunction-sections -fdata-sections -Wall -fstack-usage -fcyclomatic-complexity -MMD -MP -MF"Src/sysmem.d" -MT"Src/sysmem.o" --specs=nano.specs -mfpu=fpv4-sp-d16 -mfloat-abi=hard -mthumb -o "Src/sysmem.o"
../Src/main.c:29:2: warning: #warning "FPU is not initialized, but the project is compiling for an FPU. Please initialize the FPU before use." [-Wcpp]
   29 | #warning "FPU is not initialized, but the project is compiling for an FPU. Please initialize the FPU before use."
      |  ^~~~~~~
../Src/main.c: In function 'finished_transmission':
../Src/main.c:36:27: warning: unused variable 'test' [-Wunused-variable]
   36 |         volatile uint32_t test = 0;
      |                           ^~~~
../Src/main.c: In function 'main':
../Src/main.c:48:35: warning: pointer targets in initialization of 'uint8_t *' {aka 'unsigned char *'} from 'char *' differ in signedness [-Wpointer-sign]
   48 |         uint8_t *string_to_send = "This is a string !\r\n";
      |                                   ^~~~~~~~~~~~~~~~~~~~~~~~
arm-none-eabi-gcc -o "SerialInterface.elf" @"objects.list"   -mcpu=cortex-m4 -T"/Users/henrywilcox/MTRX_GITHEADS/SerialInterface/STM32F303VCTX_FLASH.ld" --specs=nosys.specs -Wl,-Map="SerialInterface.map" -Wl,--gc-sections -static --specs=nano.specs -mfpu=fpv4-sp-d16 -mfloat-abi=hard -mthumb -Wl,--start-group -lc -lm -Wl,--end-group
Finished building target: SerialInterface.elf
 
arm-none-eabi-size  SerialInterface.elf 
arm-none-eabi-objdump -h -S SerialInterface.elf  > "SerialInterface.list"
   text	   data	    bss	    dec	    hex	filename
   1144	     40	   1568	   2752	    ac0	SerialInterface.elf
Finished building: default.size.stdout
 
Finished building: SerialInterface.list
 
15:19:55 **** Build of configuration Debug for project TimerInterface ****
make -j9 all 
Src/main.d:1: *** multiple target patterns.  Stop.
"make -j9 all" terminated with exit code 2. Build might be incomplete.
15:19:55 **** Build of configuration Debug for project W01-lecture-example ****
make -j9 all 
arm-none-eabi-gcc -mcpu=cortex-m4 -g3 -DDEBUG -c -x assembler-with-cpp -MMD -MP -MF"Startup/startup_stm32f303vctx.d" -MT"Startup/startup_stm32f303vctx.o" --specs=nano.specs -mfpu=fpv4-sp-d16 -mfloat-abi=hard -mthumb -o "Startup/startup_stm32f303vctx.o" "../Startup/startup_stm32f303vctx.s"
arm-none-eabi-gcc -mcpu=cortex-m4 -g3 -DDEBUG -c -x assembler-with-cpp -MMD -MP -MF"Src/assembly.d" -MT"Src/assembly.o" --specs=nano.specs -mfpu=fpv4-sp-d16 -mfloat-abi=hard -mthumb -o "Src/assembly.o" "../Src/assembly.s"
arm-none-eabi-gcc -o "W01-lecture-example.elf" @"objects.list"   -mcpu=cortex-m4 -T"/Users/henrywilcox/MTRX2700-2025/W01-lecture-example/STM32F303VCTX_FLASH.ld" --specs=nosys.specs -Wl,-Map="W01-lecture-example.map" -Wl,--gc-sections -static --specs=nano.specs -mfpu=fpv4-sp-d16 -mfloat-abi=hard -mthumb -Wl,--start-group -lc -lm -Wl,--end-group
/Applications/STM32CubeIDE.app/Contents/Eclipse/plugins/com.st.stm32cube.ide.mcu.externaltools.gnu-tools-for-stm32.12.3.rel1.macos64_1.1.0.202410301201/tools/bin/../lib/gcc/arm-none-eabi/12.3.1/../../../../arm-none-eabi/bin/ld: /Applications/STM32CubeIDE.app/Contents/Eclipse/plugins/com.st.stm32cube.ide.mcu.externaltools.gnu-tools-for-stm32.12.3.rel1.macos64_1.1.0.202410301201/tools/bin/../lib/gcc/arm-none-eabi/12.3.1/../../../../arm-none-eabi/lib/thumb/v7e-m+fp/hard/libc_nano.a(libc_a-closer.o): in function `_close_r':
(.text._close_r+0xc): warning: _close is not implemented and will always fail
/Applications/STM32CubeIDE.app/Contents/Eclipse/plugins/com.st.stm32cube.ide.mcu.externaltools.gnu-tools-for-stm32.12.3.rel1.macos64_1.1.0.202410301201/tools/bin/../lib/gcc/arm-none-eabi/12.3.1/../../../../arm-none-eabi/bin/ld: /Applications/STM32CubeIDE.app/Contents/Eclipse/plugins/com.st.stm32cube.ide.mcu.externaltools.gnu-tools-for-stm32.12.3.rel1.macos64_1.1.0.202410301201/tools/bin/../lib/gcc/arm-none-eabi/12.3.1/../../../../arm-none-eabi/lib/thumb/v7e-m+fp/hard/libc_nano.a(libc_a-lseekr.o): in function `_lseek_r':
(.text._lseek_r+0x10): warning: _lseek is not implemented and will always fail
/Applications/STM32CubeIDE.app/Contents/Eclipse/plugins/com.st.stm32cube.ide.mcu.externaltools.gnu-tools-for-stm32.12.3.rel1.macos64_1.1.0.202410301201/tools/bin/../lib/gcc/arm-none-eabi/12.3.1/../../../../arm-none-eabi/bin/ld: /Applications/STM32CubeIDE.app/Contents/Eclipse/plugins/com.st.stm32cube.ide.mcu.externaltools.gnu-tools-for-stm32.12.3.rel1.macos64_1.1.0.202410301201/tools/bin/../lib/gcc/arm-none-eabi/12.3.1/../../../../arm-none-eabi/lib/thumb/v7e-m+fp/hard/libc_nano.a(libc_a-readr.o): in function `_read_r':
(.text._read_r+0x10): warning: _read is not implemented and will always fail
/Applications/STM32CubeIDE.app/Contents/Eclipse/plugins/com.st.stm32cube.ide.mcu.externaltools.gnu-tools-for-stm32.12.3.rel1.macos64_1.1.0.202410301201/tools/bin/../lib/gcc/arm-none-eabi/12.3.1/../../../../arm-none-eabi/bin/ld: /Applications/STM32CubeIDE.app/Contents/Eclipse/plugins/com.st.stm32cube.ide.mcu.externaltools.gnu-tools-for-stm32.12.3.rel1.macos64_1.1.0.202410301201/tools/bin/../lib/gcc/arm-none-eabi/12.3.1/../../../../arm-none-eabi/lib/thumb/v7e-m+fp/hard/libc_nano.a(libc_a-writer.o): in function `_write_r':
(.text._write_r+0x10): warning: _write is not implemented and will always fail
/Applications/STM32CubeIDE.app/Contents/Eclipse/plugins/com.st.stm32cube.ide.mcu.externaltools.gnu-tools-for-stm32.12.3.rel1.macos64_1.1.0.202410301201/tools/bin/../lib/gcc/arm-none-eabi/12.3.1/../../../../arm-none-eabi/bin/ld: warning: W01-lecture-example.elf has a LOAD segment with RWX permissions
Finished building target: W01-lecture-example.elf
 
arm-none-eabi-size  W01-lecture-example.elf 
arm-none-eabi-objdump -h -S W01-lecture-example.elf  > "W01-lecture-example.list"
   text	   data	    bss	    dec	    hex	filename
    684	     16	   1568	   2268	    8dc	W01-lecture-example.elf
Finished building: default.size.stdout
 
Finished building: W01-lecture-example.list
 
15:19:56 **** Build of configuration Debug for project W01-lecture-io-example ****
make -j9 all 
arm-none-eabi-gcc -mcpu=cortex-m4 -g3 -DDEBUG -c -x assembler-with-cpp -MMD -MP -MF"Startup/startup_stm32f303vctx.d" -MT"Startup/startup_stm32f303vctx.o" --specs=nano.specs -mfpu=fpv4-sp-d16 -mfloat-abi=hard -mthumb -o "Startup/startup_stm32f303vctx.o" "../Startup/startup_stm32f303vctx.s"
arm-none-eabi-gcc -mcpu=cortex-m4 -g3 -DDEBUG -c -x assembler-with-cpp -MMD -MP -MF"Src/assembly.d" -MT"Src/assembly.o" --specs=nano.specs -mfpu=fpv4-sp-d16 -mfloat-abi=hard -mthumb -o "Src/assembly.o" "../Src/assembly.s"
arm-none-eabi-gcc -mcpu=cortex-m4 -g3 -DDEBUG -c -x assembler-with-cpp -MMD -MP -MF"Src/definitions.d" -MT"Src/definitions.o" --specs=nano.specs -mfpu=fpv4-sp-d16 -mfloat-abi=hard -mthumb -o "Src/definitions.o" "../Src/definitions.s"
arm-none-eabi-gcc -mcpu=cortex-m4 -g3 -DDEBUG -c -x assembler-with-cpp -MMD -MP -MF"Src/initialise.d" -MT"Src/initialise.o" --specs=nano.specs -mfpu=fpv4-sp-d16 -mfloat-abi=hard -mthumb -o "Src/initialise.o" "../Src/initialise.s"
arm-none-eabi-gcc -o "W01-lecture-io-example.elf" @"objects.list"   -mcpu=cortex-m4 -T"/Users/henrywilcox/MTRX2700-2025/W01-lecture-io-example/STM32F303VCTX_FLASH.ld" --specs=nosys.specs -Wl,-Map="W01-lecture-io-example.map" -Wl,--gc-sections -static --specs=nano.specs -mfpu=fpv4-sp-d16 -mfloat-abi=hard -mthumb -Wl,--start-group -lc -lm -Wl,--end-group
/Applications/STM32CubeIDE.app/Contents/Eclipse/plugins/com.st.stm32cube.ide.mcu.externaltools.gnu-tools-for-stm32.12.3.rel1.macos64_1.1.0.202410301201/tools/bin/../lib/gcc/arm-none-eabi/12.3.1/../../../../arm-none-eabi/bin/ld: /Applications/STM32CubeIDE.app/Contents/Eclipse/plugins/com.st.stm32cube.ide.mcu.externaltools.gnu-tools-for-stm32.12.3.rel1.macos64_1.1.0.202410301201/tools/bin/../lib/gcc/arm-none-eabi/12.3.1/../../../../arm-none-eabi/lib/thumb/v7e-m+fp/hard/libc_nano.a(libc_a-closer.o): in function `_close_r':
(.text._close_r+0xc): warning: _close is not implemented and will always fail
/Applications/STM32CubeIDE.app/Contents/Eclipse/plugins/com.st.stm32cube.ide.mcu.externaltools.gnu-tools-for-stm32.12.3.rel1.macos64_1.1.0.202410301201/tools/bin/../lib/gcc/arm-none-eabi/12.3.1/../../../../arm-none-eabi/bin/ld: /Applications/STM32CubeIDE.app/Contents/Eclipse/plugins/com.st.stm32cube.ide.mcu.externaltools.gnu-tools-for-stm32.12.3.rel1.macos64_1.1.0.202410301201/tools/bin/../lib/gcc/arm-none-eabi/12.3.1/../../../../arm-none-eabi/lib/thumb/v7e-m+fp/hard/libc_nano.a(libc_a-lseekr.o): in function `_lseek_r':
(.text._lseek_r+0x10): warning: _lseek is not implemented and will always fail
/Applications/STM32CubeIDE.app/Contents/Eclipse/plugins/com.st.stm32cube.ide.mcu.externaltools.gnu-tools-for-stm32.12.3.rel1.macos64_1.1.0.202410301201/tools/bin/../lib/gcc/arm-none-eabi/12.3.1/../../../../arm-none-eabi/bin/ld: /Applications/STM32CubeIDE.app/Contents/Eclipse/plugins/com.st.stm32cube.ide.mcu.externaltools.gnu-tools-for-stm32.12.3.rel1.macos64_1.1.0.202410301201/tools/bin/../lib/gcc/arm-none-eabi/12.3.1/../../../../arm-none-eabi/lib/thumb/v7e-m+fp/hard/libc_nano.a(libc_a-readr.o): in function `_read_r':
(.text._read_r+0x10): warning: _read is not implemented and will always fail
/Applications/STM32CubeIDE.app/Contents/Eclipse/plugins/com.st.stm32cube.ide.mcu.externaltools.gnu-tools-for-stm32.12.3.rel1.macos64_1.1.0.202410301201/tools/bin/../lib/gcc/arm-none-eabi/12.3.1/../../../../arm-none-eabi/bin/ld: /Applications/STM32CubeIDE.app/Contents/Eclipse/plugins/com.st.stm32cube.ide.mcu.externaltools.gnu-tools-for-stm32.12.3.rel1.macos64_1.1.0.202410301201/tools/bin/../lib/gcc/arm-none-eabi/12.3.1/../../../../arm-none-eabi/lib/thumb/v7e-m+fp/hard/libc_nano.a(libc_a-writer.o): in function `_write_r':
(.text._write_r+0x10): warning: _write is not implemented and will always fail
/Applications/STM32CubeIDE.app/Contents/Eclipse/plugins/com.st.stm32cube.ide.mcu.externaltools.gnu-tools-for-stm32.12.3.rel1.macos64_1.1.0.202410301201/tools/bin/../lib/gcc/arm-none-eabi/12.3.1/../../../../arm-none-eabi/bin/ld: warning: W01-lecture-io-example.elf has a LOAD segment with RWX permissions
Finished building target: W01-lecture-io-example.elf
 
arm-none-eabi-size  W01-lecture-io-example.elf 
arm-none-eabi-objdump -h -S W01-lecture-io-example.elf  > "W01-lecture-io-example.list"
   text	   data	    bss	    dec	    hex	filename
    708	      8	   1568	   2284	    8ec	W01-lecture-io-example.elf
Finished building: default.size.stdout
 
Finished building: W01-lecture-io-example.list
 
15:19:56 **** Build of configuration Debug for project W02-addressing-branching ****
make -j9 all 
arm-none-eabi-gcc -mcpu=cortex-m4 -g3 -DDEBUG -c -x assembler-with-cpp -MMD -MP -MF"Startup/startup_stm32f303vctx.d" -MT"Startup/startup_stm32f303vctx.o" --specs=nano.specs -mfpu=fpv4-sp-d16 -mfloat-abi=hard -mthumb -o "Startup/startup_stm32f303vctx.o" "../Startup/startup_stm32f303vctx.s"
arm-none-eabi-gcc -mcpu=cortex-m4 -g3 -DDEBUG -c -x assembler-with-cpp -MMD -MP -MF"Src/assembly.d" -MT"Src/assembly.o" --specs=nano.specs -mfpu=fpv4-sp-d16 -mfloat-abi=hard -mthumb -o "Src/assembly.o" "../Src/assembly.s"
arm-none-eabi-gcc -mcpu=cortex-m4 -g3 -DDEBUG -c -x assembler-with-cpp -MMD -MP -MF"Src/initialise.d" -MT"Src/initialise.o" --specs=nano.specs -mfpu=fpv4-sp-d16 -mfloat-abi=hard -mthumb -o "Src/initialise.o" "../Src/initialise.s"
arm-none-eabi-gcc -o "W02-addressing-branching.elf" @"objects.list"   -mcpu=cortex-m4 -T"/Users/henrywilcox/MTRX2700-2025/W02-addressing-branching/STM32F303VCTX_FLASH.ld" --specs=nosys.specs -Wl,-Map="W02-addressing-branching.map" -Wl,--gc-sections -static --specs=nano.specs -mfpu=fpv4-sp-d16 -mfloat-abi=hard -mthumb -Wl,--start-group -lc -lm -Wl,--end-group
/Applications/STM32CubeIDE.app/Contents/Eclipse/plugins/com.st.stm32cube.ide.mcu.externaltools.gnu-tools-for-stm32.12.3.rel1.macos64_1.1.0.202410301201/tools/bin/../lib/gcc/arm-none-eabi/12.3.1/../../../../arm-none-eabi/bin/ld: /Applications/STM32CubeIDE.app/Contents/Eclipse/plugins/com.st.stm32cube.ide.mcu.externaltools.gnu-tools-for-stm32.12.3.rel1.macos64_1.1.0.202410301201/tools/bin/../lib/gcc/arm-none-eabi/12.3.1/../../../../arm-none-eabi/lib/thumb/v7e-m+fp/hard/libc_nano.a(libc_a-closer.o): in function `_close_r':
(.text._close_r+0xc): warning: _close is not implemented and will always fail
/Applications/STM32CubeIDE.app/Contents/Eclipse/plugins/com.st.stm32cube.ide.mcu.externaltools.gnu-tools-for-stm32.12.3.rel1.macos64_1.1.0.202410301201/tools/bin/../lib/gcc/arm-none-eabi/12.3.1/../../../../arm-none-eabi/bin/ld: /Applications/STM32CubeIDE.app/Contents/Eclipse/plugins/com.st.stm32cube.ide.mcu.externaltools.gnu-tools-for-stm32.12.3.rel1.macos64_1.1.0.202410301201/tools/bin/../lib/gcc/arm-none-eabi/12.3.1/../../../../arm-none-eabi/lib/thumb/v7e-m+fp/hard/libc_nano.a(libc_a-lseekr.o): in function `_lseek_r':
(.text._lseek_r+0x10): warning: _lseek is not implemented and will always fail
/Applications/STM32CubeIDE.app/Contents/Eclipse/plugins/com.st.stm32cube.ide.mcu.externaltools.gnu-tools-for-stm32.12.3.rel1.macos64_1.1.0.202410301201/tools/bin/../lib/gcc/arm-none-eabi/12.3.1/../../../../arm-none-eabi/bin/ld: /Applications/STM32CubeIDE.app/Contents/Eclipse/plugins/com.st.stm32cube.ide.mcu.externaltools.gnu-tools-for-stm32.12.3.rel1.macos64_1.1.0.202410301201/tools/bin/../lib/gcc/arm-none-eabi/12.3.1/../../../../arm-none-eabi/lib/thumb/v7e-m+fp/hard/libc_nano.a(libc_a-readr.o): in function `_read_r':
(.text._read_r+0x10): warning: _read is not implemented and will always fail
/Applications/STM32CubeIDE.app/Contents/Eclipse/plugins/com.st.stm32cube.ide.mcu.externaltools.gnu-tools-for-stm32.12.3.rel1.macos64_1.1.0.202410301201/tools/bin/../lib/gcc/arm-none-eabi/12.3.1/../../../../arm-none-eabi/bin/ld: /Applications/STM32CubeIDE.app/Contents/Eclipse/plugins/com.st.stm32cube.ide.mcu.externaltools.gnu-tools-for-stm32.12.3.rel1.macos64_1.1.0.202410301201/tools/bin/../lib/gcc/arm-none-eabi/12.3.1/../../../../arm-none-eabi/lib/thumb/v7e-m+fp/hard/libc_nano.a(libc_a-writer.o): in function `_write_r':
(.text._write_r+0x10): warning: _write is not implemented and will always fail
/Applications/STM32CubeIDE.app/Contents/Eclipse/plugins/com.st.stm32cube.ide.mcu.externaltools.gnu-tools-for-stm32.12.3.rel1.macos64_1.1.0.202410301201/tools/bin/../lib/gcc/arm-none-eabi/12.3.1/../../../../arm-none-eabi/bin/ld: warning: W02-addressing-branching.elf has a LOAD segment with RWX permissions
Finished building target: W02-addressing-branching.elf
 
arm-none-eabi-size  W02-addressing-branching.elf 
arm-none-eabi-objdump -h -S W02-addressing-branching.elf  > "W02-addressing-branching.list"
   text	   data	    bss	    dec	    hex	filename
    976	     80	   1568	   2624	    a40	W02-addressing-branching.elf
Finished building: default.size.stdout
 
Finished building: W02-addressing-branching.list
 
15:19:56 **** Build of configuration Debug for project W02-strings-example ****
make -j9 all 
arm-none-eabi-gcc -mcpu=cortex-m4 -g3 -DDEBUG -c -x assembler-with-cpp -MMD -MP -MF"Startup/startup_stm32f303vctx.d" -MT"Startup/startup_stm32f303vctx.o" --specs=nano.specs -mfpu=fpv4-sp-d16 -mfloat-abi=hard -mthumb -o "Startup/startup_stm32f303vctx.o" "../Startup/startup_stm32f303vctx.s"
arm-none-eabi-gcc -mcpu=cortex-m4 -g3 -DDEBUG -c -x assembler-with-cpp -MMD -MP -MF"Src/assembly.d" -MT"Src/assembly.o" --specs=nano.specs -mfpu=fpv4-sp-d16 -mfloat-abi=hard -mthumb -o "Src/assembly.o" "../Src/assembly.s"
arm-none-eabi-gcc -o "W02-strings-example.elf" @"objects.list"   -mcpu=cortex-m4 -T"/Users/henrywilcox/MTRX2700-2025/W02-strings-example/STM32F303VCTX_FLASH.ld" --specs=nosys.specs -Wl,-Map="W02-strings-example.map" -Wl,--gc-sections -static --specs=nano.specs -mfpu=fpv4-sp-d16 -mfloat-abi=hard -mthumb -Wl,--start-group -lc -lm -Wl,--end-group
/Applications/STM32CubeIDE.app/Contents/Eclipse/plugins/com.st.stm32cube.ide.mcu.externaltools.gnu-tools-for-stm32.12.3.rel1.macos64_1.1.0.202410301201/tools/bin/../lib/gcc/arm-none-eabi/12.3.1/../../../../arm-none-eabi/bin/ld: /Applications/STM32CubeIDE.app/Contents/Eclipse/plugins/com.st.stm32cube.ide.mcu.externaltools.gnu-tools-for-stm32.12.3.rel1.macos64_1.1.0.202410301201/tools/bin/../lib/gcc/arm-none-eabi/12.3.1/../../../../arm-none-eabi/lib/thumb/v7e-m+fp/hard/libc_nano.a(libc_a-closer.o): in function `_close_r':
(.text._close_r+0xc): warning: _close is not implemented and will always fail
/Applications/STM32CubeIDE.app/Contents/Eclipse/plugins/com.st.stm32cube.ide.mcu.externaltools.gnu-tools-for-stm32.12.3.rel1.macos64_1.1.0.202410301201/tools/bin/../lib/gcc/arm-none-eabi/12.3.1/../../../../arm-none-eabi/bin/ld: /Applications/STM32CubeIDE.app/Contents/Eclipse/plugins/com.st.stm32cube.ide.mcu.externaltools.gnu-tools-for-stm32.12.3.rel1.macos64_1.1.0.202410301201/tools/bin/../lib/gcc/arm-none-eabi/12.3.1/../../../../arm-none-eabi/lib/thumb/v7e-m+fp/hard/libc_nano.a(libc_a-lseekr.o): in function `_lseek_r':
(.text._lseek_r+0x10): warning: _lseek is not implemented and will always fail
/Applications/STM32CubeIDE.app/Contents/Eclipse/plugins/com.st.stm32cube.ide.mcu.externaltools.gnu-tools-for-stm32.12.3.rel1.macos64_1.1.0.202410301201/tools/bin/../lib/gcc/arm-none-eabi/12.3.1/../../../../arm-none-eabi/bin/ld: /Applications/STM32CubeIDE.app/Contents/Eclipse/plugins/com.st.stm32cube.ide.mcu.externaltools.gnu-tools-for-stm32.12.3.rel1.macos64_1.1.0.202410301201/tools/bin/../lib/gcc/arm-none-eabi/12.3.1/../../../../arm-none-eabi/lib/thumb/v7e-m+fp/hard/libc_nano.a(libc_a-readr.o): in function `_read_r':
(.text._read_r+0x10): warning: _read is not implemented and will always fail
/Applications/STM32CubeIDE.app/Contents/Eclipse/plugins/com.st.stm32cube.ide.mcu.externaltools.gnu-tools-for-stm32.12.3.rel1.macos64_1.1.0.202410301201/tools/bin/../lib/gcc/arm-none-eabi/12.3.1/../../../../arm-none-eabi/bin/ld: /Applications/STM32CubeIDE.app/Contents/Eclipse/plugins/com.st.stm32cube.ide.mcu.externaltools.gnu-tools-for-stm32.12.3.rel1.macos64_1.1.0.202410301201/tools/bin/../lib/gcc/arm-none-eabi/12.3.1/../../../../arm-none-eabi/lib/thumb/v7e-m+fp/hard/libc_nano.a(libc_a-writer.o): in function `_write_r':
(.text._write_r+0x10): warning: _write is not implemented and will always fail
/Applications/STM32CubeIDE.app/Contents/Eclipse/plugins/com.st.stm32cube.ide.mcu.externaltools.gnu-tools-for-stm32.12.3.rel1.macos64_1.1.0.202410301201/tools/bin/../lib/gcc/arm-none-eabi/12.3.1/../../../../arm-none-eabi/bin/ld: warning: W02-strings-example.elf has a LOAD segment with RWX permissions
Finished building target: W02-strings-example.elf
 
arm-none-eabi-size  W02-strings-example.elf 
arm-none-eabi-objdump -h -S W02-strings-example.elf  > "W02-strings-example.list"
   text	   data	    bss	    dec	    hex	filename
    708	    104	   1568	   2380	    94c	W02-strings-example.elf
Finished building: default.size.stdout
 
Finished building: W02-strings-example.list
 
15:19:57 **** Build of configuration Debug for project W03-UART-example ****
make -j9 all 
arm-none-eabi-gcc -mcpu=cortex-m4 -g3 -DDEBUG -c -x assembler-with-cpp -MMD -MP -MF"Startup/startup_stm32f303vctx.d" -MT"Startup/startup_stm32f303vctx.o" --specs=nano.specs -mfpu=fpv4-sp-d16 -mfloat-abi=hard -mthumb -o "Startup/startup_stm32f303vctx.o" "../Startup/startup_stm32f303vctx.s"
arm-none-eabi-gcc -mcpu=cortex-m4 -g3 -DDEBUG -c -x assembler-with-cpp -MMD -MP -MF"Src/assembly.d" -MT"Src/assembly.o" --specs=nano.specs -mfpu=fpv4-sp-d16 -mfloat-abi=hard -mthumb -o "Src/assembly.o" "../Src/assembly.s"
arm-none-eabi-gcc -mcpu=cortex-m4 -g3 -DDEBUG -c -x assembler-with-cpp -MMD -MP -MF"Src/definitions.d" -MT"Src/definitions.o" --specs=nano.specs -mfpu=fpv4-sp-d16 -mfloat-abi=hard -mthumb -o "Src/definitions.o" "../Src/definitions.s"
arm-none-eabi-gcc -mcpu=cortex-m4 -g3 -DDEBUG -c -x assembler-with-cpp -MMD -MP -MF"Src/initialise.d" -MT"Src/initialise.o" --specs=nano.specs -mfpu=fpv4-sp-d16 -mfloat-abi=hard -mthumb -o "Src/initialise.o" "../Src/initialise.s"
arm-none-eabi-gcc -o "W03-UART-example.elf" @"objects.list"   -mcpu=cortex-m4 -T"/Users/henrywilcox/MTRX2700-2025/W03-UART-example/STM32F303VCTX_FLASH.ld" --specs=nosys.specs -Wl,-Map="W03-UART-example.map" -Wl,--gc-sections -static --specs=nano.specs -mfpu=fpv4-sp-d16 -mfloat-abi=hard -mthumb -Wl,--start-group -lc -lm -Wl,--end-group
/Applications/STM32CubeIDE.app/Contents/Eclipse/plugins/com.st.stm32cube.ide.mcu.externaltools.gnu-tools-for-stm32.12.3.rel1.macos64_1.1.0.202410301201/tools/bin/../lib/gcc/arm-none-eabi/12.3.1/../../../../arm-none-eabi/bin/ld: /Applications/STM32CubeIDE.app/Contents/Eclipse/plugins/com.st.stm32cube.ide.mcu.externaltools.gnu-tools-for-stm32.12.3.rel1.macos64_1.1.0.202410301201/tools/bin/../lib/gcc/arm-none-eabi/12.3.1/../../../../arm-none-eabi/lib/thumb/v7e-m+fp/hard/libc_nano.a(libc_a-closer.o): in function `_close_r':
(.text._close_r+0xc): warning: _close is not implemented and will always fail
/Applications/STM32CubeIDE.app/Contents/Eclipse/plugins/com.st.stm32cube.ide.mcu.externaltools.gnu-tools-for-stm32.12.3.rel1.macos64_1.1.0.202410301201/tools/bin/../lib/gcc/arm-none-eabi/12.3.1/../../../../arm-none-eabi/bin/ld: /Applications/STM32CubeIDE.app/Contents/Eclipse/plugins/com.st.stm32cube.ide.mcu.externaltools.gnu-tools-for-stm32.12.3.rel1.macos64_1.1.0.202410301201/tools/bin/../lib/gcc/arm-none-eabi/12.3.1/../../../../arm-none-eabi/lib/thumb/v7e-m+fp/hard/libc_nano.a(libc_a-lseekr.o): in function `_lseek_r':
(.text._lseek_r+0x10): warning: _lseek is not implemented and will always fail
/Applications/STM32CubeIDE.app/Contents/Eclipse/plugins/com.st.stm32cube.ide.mcu.externaltools.gnu-tools-for-stm32.12.3.rel1.macos64_1.1.0.202410301201/tools/bin/../lib/gcc/arm-none-eabi/12.3.1/../../../../arm-none-eabi/bin/ld: /Applications/STM32CubeIDE.app/Contents/Eclipse/plugins/com.st.stm32cube.ide.mcu.externaltools.gnu-tools-for-stm32.12.3.rel1.macos64_1.1.0.202410301201/tools/bin/../lib/gcc/arm-none-eabi/12.3.1/../../../../arm-none-eabi/lib/thumb/v7e-m+fp/hard/libc_nano.a(libc_a-readr.o): in function `_read_r':
(.text._read_r+0x10): warning: _read is not implemented and will always fail
/Applications/STM32CubeIDE.app/Contents/Eclipse/plugins/com.st.stm32cube.ide.mcu.externaltools.gnu-tools-for-stm32.12.3.rel1.macos64_1.1.0.202410301201/tools/bin/../lib/gcc/arm-none-eabi/12.3.1/../../../../arm-none-eabi/bin/ld: /Applications/STM32CubeIDE.app/Contents/Eclipse/plugins/com.st.stm32cube.ide.mcu.externaltools.gnu-tools-for-stm32.12.3.rel1.macos64_1.1.0.202410301201/tools/bin/../lib/gcc/arm-none-eabi/12.3.1/../../../../arm-none-eabi/lib/thumb/v7e-m+fp/hard/libc_nano.a(libc_a-writer.o): in function `_write_r':
[...]
../Inc/serial.h:1:1: error: expected identifier or '(' before ']' token
    1 | ]#ifndef SERIAL_H
      | ^
../Inc/serial.h:1:2: error: stray '#' in program
    1 | ]#ifndef SERIAL_H
      |  ^
In file included from /Applications/STM32CubeIDE.app/Contents/Eclipse/plugins/com.st.stm32cube.ide.mcu.externaltools.gnu-tools-for-stm32.12.3.rel1.macos64_1.1.0.202410301201/tools/arm-none-eabi/include/stdint.h:14,
                 from /Applications/STM32CubeIDE.app/Contents/Eclipse/plugins/com.st.stm32cube.ide.mcu.externaltools.gnu-tools-for-stm32.12.3.rel1.macos64_1.1.0.202410301201/tools/lib/gcc/arm-none-eabi/12.3.1/include/stdint.h:9,
                 from ../Inc/serial.h:4:
/Applications/STM32CubeIDE.app/Contents/Eclipse/plugins/com.st.stm32cube.ide.mcu.externaltools.gnu-tools-for-stm32.12.3.rel1.macos64_1.1.0.202410301201/tools/arm-none-eabi/include/sys/_stdint.h:20:9: error: unknown type name '__int8_t'
   20 | typedef __int8_t int8_t ;
      |         ^~~~~~~~
In file included from ../Src/main.c:23:
../Inc/serial.h:1:1: error: expected identifier or '(' before ']' token
    1 | ]#ifndef SERIAL_H
      | ^
../Inc/serial.h:1:2: error: stray '#' in program
    1 | ]#ifndef SERIAL_H
      |  ^
In file included from ../Inc/serial.h:5:
../Inc/stm32f303xc.h:145:3: warning: data definition has no type or storage class
  145 | } IRQn_Type;
      |   ^~~~~~~~~
../Inc/stm32f303xc.h:145:3: warning: type defaults to 'int' in declaration of 'IRQn_Type' [-Wimplicit-int]
In file included from ../Inc/stm32f303xc.h:151:
../Inc/core_cm4.h:1688:39: error: expected declaration specifiers or '...' before 'IRQn_Type'
 1688 | __STATIC_INLINE void __NVIC_EnableIRQ(IRQn_Type IRQn)
      |                                       ^~~~~~~~~
../Inc/core_cm4.h:1705:46: error: expected declaration specifiers or '...' before 'IRQn_Type'
 1705 | __STATIC_INLINE uint32_t __NVIC_GetEnableIRQ(IRQn_Type IRQn)
      |                                              ^~~~~~~~~
../Inc/core_cm4.h:1724:40: error: expected declaration specifiers or '...' before 'IRQn_Type'
 1724 | __STATIC_INLINE void __NVIC_DisableIRQ(IRQn_Type IRQn)
      |                                        ^~~~~~~~~
../Inc/core_cm4.h:1743:47: error: expected declaration specifiers or '...' before 'IRQn_Type'
 1743 | __STATIC_INLINE uint32_t __NVIC_GetPendingIRQ(IRQn_Type IRQn)
      |                                               ^~~~~~~~~
../Inc/core_cm4.h:1762:43: error: expected declaration specifiers or '...' before 'IRQn_Type'
 1762 | __STATIC_INLINE void __NVIC_SetPendingIRQ(IRQn_Type IRQn)
      |                                           ^~~~~~~~~
../Inc/core_cm4.h:1777:45: error: expected declaration specifiers or '...' before 'IRQn_Type'
 1777 | __STATIC_INLINE void __NVIC_ClearPendingIRQ(IRQn_Type IRQn)
      |                                             ^~~~~~~~~
../Inc/core_cm4.h:1794:43: error: expected declaration specifiers or '...' before 'IRQn_Type'
 1794 | __STATIC_INLINE uint32_t __NVIC_GetActive(IRQn_Type IRQn)
      |                                           ^~~~~~~~~
../Inc/core_cm4.h:1816:41: error: expected declaration specifiers or '...' before 'IRQn_Type'
 1816 | __STATIC_INLINE void __NVIC_SetPriority(IRQn_Type IRQn, uint32_t priority)
      |                                         ^~~~~~~~~
../Inc/core_cm4.h:1838:45: error: expected declaration specifiers or '...' before 'IRQn_Type'
 1838 | __STATIC_INLINE uint32_t __NVIC_GetPriority(IRQn_Type IRQn)
      |                                             ^~~~~~~~~
../Inc/core_cm4.h:1913:39: error: expected declaration specifiers or '...' before 'IRQn_Type'
 1913 | __STATIC_INLINE void __NVIC_SetVector(IRQn_Type IRQn, uint32_t vector)
      |                                       ^~~~~~~~~
../Inc/core_cm4.h:1928:43: error: expected declaration specifiers or '...' before 'IRQn_Type'
 1928 | __STATIC_INLINE uint32_t __NVIC_GetVector(IRQn_Type IRQn)
      |                                           ^~~~~~~~~
../Inc/core_cm4.h: In function 'SysTick_Config':
../Inc/core_cm4.h:1621:39: warning: implicit declaration of function '__NVIC_SetPriority'; did you mean 'NVIC_SetPriority'? [-Wimplicit-function-declaration]
 1621 |   #define NVIC_SetPriority            __NVIC_SetPriority
      |                                       ^~~~~~~~~~~~~~~~~~
../Inc/core_cm4.h:2030:3: note: in expansion of macro 'NVIC_SetPriority'
 2030 |   NVIC_SetPriority (SysTick_IRQn, (1UL << __NVIC_PRIO_BITS) - 1UL); /* set Priority for Systick Interrupt */
      |   ^~~~~~~~~~~~~~~~
../Inc/core_cm4.h:2030:21: error: 'SysTick_IRQn' undeclared (first use in this function); did you mean 'SysTick_Type'?
 2030 |   NVIC_SetPriority (SysTick_IRQn, (1UL << __NVIC_PRIO_BITS) - 1UL); /* set Priority for Systick Interrupt */
      |                     ^~~~~~~~~~~~
      |                     SysTick_Type
../Inc/core_cm4.h:2030:21: note: each undeclared identifier is reported only once for each function it appears in
../Inc/serial.h:47:2: error: #endif without #if
   47 | #endif // SERIAL_H
      |  ^~~~~
../Src/serial.c:16:28: error: 'NULL' undeclared here (not in a function)
   16 |     .completion_function = NULL          // default function pointer is NULL
      |                            ^~~~
../Src/serial.c:2:1: note: 'NULL' is defined in header '<stddef.h>'; did you forget to '#include <stddef.h>'?
    1 | #include "serial.h"
  +++ |+#include <stddef.h>
    2 | 
../Inc/serial.h: At top level:
../Inc/serial.h:47:2: error: #endif without #if
   47 | #endif // SERIAL_H
      |  ^~~~~
../Src/main.c:27:2: warning: #warning "FPU is not initialized, but the project is compiling for an FPU. Please initialize the FPU before use." [-Wcpp]
   27 | #warning "FPU is not initialized, but the project is compiling for an FPU. Please initialize the FPU before use."
      |  ^~~~~~~
../Src/main.c: In function 'finished_transmission':
../Src/main.c:32:23: warning: unused variable 'test' [-Wunused-variable]
   32 |     volatile uint32_t test = 0;
      |                       ^~~~
make: *** [Src/subdir.mk:28: Src/serial.o] Error 1
make: *** Waiting for unfinished jobs....
make: *** [Src/subdir.mk:28: Src/main.o] Error 1
"make -j9 all" terminated with exit code 2. Build might be incomplete.
11:20:19 **** Incremental Build of configuration Debug for project SerialInterface ****
make -j9 all 
arm-none-eabi-gcc "../Src/main.c" -mcpu=cortex-m4 -std=gnu11 -g3 -DDEBUG -DSTM32F303VCTx -DSTM32 -DSTM32F3 -DSTM32F3DISCOVERY -c -I../Inc -O0 -ffunction-sections -fdata-sections -Wall -fstack-usage -fcyclomatic-complexity -MMD -MP -MF"Src/main.d" -MT"Src/main.o" --specs=nano.specs -mfpu=fpv4-sp-d16 -mfloat-abi=hard -mthumb -o "Src/main.o"
arm-none-eabi-gcc "../Src/serial.c" -mcpu=cortex-m4 -std=gnu11 -g3 -DDEBUG -DSTM32F303VCTx -DSTM32 -DSTM32F3 -DSTM32F3DISCOVERY -c -I../Inc -O0 -ffunction-sections -fdata-sections -Wall -fstack-usage -fcyclomatic-complexity -MMD -MP -MF"Src/serial.d" -MT"Src/serial.o" --specs=nano.specs -mfpu=fpv4-sp-d16 -mfloat-abi=hard -mthumb -o "Src/serial.o"
../Src/serial.c:15:26: warning: missing braces around initializer [-Wmissing-braces]
   15 | SerialPort USART1_PORT = {USART1,
      |                          ^
......
   24 |                 0x00, //buffer intialised at 0
      |                 {
   25 |                 0x00 // default function pointer is NULL
   26 |                 };
      |                 }
../Src/main.c:27:2: warning: #warning "FPU is not initialized, but the project is compiling for an FPU. Please initialize the FPU before use." [-Wcpp]
   27 | #warning "FPU is not initialized, but the project is compiling for an FPU. Please initialize the FPU before use."
      |  ^~~~~~~
../Src/main.c: In function 'finished_transmission':
../Src/main.c:32:23: warning: unused variable 'test' [-Wunused-variable]
   32 |     volatile uint32_t test = 0;
      |                       ^~~~
../Src/serial.c:31:6: error: conflicting types for 'SerialInitialise'; have 'void(uint32_t,  SerialPort *, void (*)(uint32_t))' {aka 'void(long unsigned int,  struct _SerialPort *, void (*)(long unsigned int))'}
   31 | void SerialInitialise(uint32_t baudRate, SerialPort *serial_port, void (*completion_function)(uint32_t)) {
      |      ^~~~~~~~~~~~~~~~
In file included from ../Src/serial.c:1:
../Inc/serial.h:23:6: note: previous declaration of 'SerialInitialise' with type 'void(BaudRate,  SerialPort *, void (*)(uint32_t))' {aka 'void(BaudRate,  struct _SerialPort *, void (*)(long unsigned int))'}
   23 | void SerialInitialise(BaudRate baudRate, SerialPort *serial_port, void (*completion_function)(uint32_t));
      |      ^~~~~~~~~~~~~~~~
../Src/serial.c:99:6: error: conflicting types for 'SerialOutputString'; have 'void(uint32_t *, SerialPort *)' {aka 'void(long unsigned int *, struct _SerialPort *)'}
   99 | void SerialOutputString(uint32_t *pt, SerialPort *serial_port) {
      |      ^~~~~~~~~~~~~~~~~~
../Inc/serial.h:25:6: note: previous declaration of 'SerialOutputString' with type 'void(uint8_t *, SerialPort *)' {aka 'void(unsigned char *, struct _SerialPort *)'}
   25 | void SerialOutputString(uint8_t *pt, SerialPort *serial_port);
      |      ^~~~~~~~~~~~~~~~~~
../Src/serial.c: In function 'SerialReceiveChar':
../Src/serial.c:122:26: error: 'SerialPort' {aka 'struct _SerialPort'} has no member named 'StatusRegister'
  122 |         if (*(serial_port->StatusRegister) & USART_ISR_ORE || *(serial_port->StatusRegister) & USART_ISR_FE) {
      |                          ^~
../Src/serial.c:122:76: error: 'SerialPort' {aka 'struct _SerialPort'} has no member named 'StatusRegister'
  122 |         if (*(serial_port->StatusRegister) & USART_ISR_ORE || *(serial_port->StatusRegister) & USART_ISR_FE) {
      |                                                                            ^~
../Src/serial.c:123:30: error: 'SerialPort' {aka 'struct _SerialPort'} has no member named 'FlagClearRegister'
  123 |                 *(serial_port->FlagClearRegister) |= USART_ICR_ORECF | USART_ICR_FECF;
      |                              ^~
../Src/serial.c:126:26: error: 'SerialPort' {aka 'struct _SerialPort'} has no member named 'StatusRegister'
  126 |         if (*(serial_port->StatusRegister) & USART_ISR_RXNE) { // Wait for RXNE flag to be set
      |                          ^~
../Src/serial.c:130:33: error: 'SerialPort' {aka 'struct _SerialPort'} has no member named 'DataInputRegister'
  130 |   *received_char = *(serial_port->DataInputRegister);
      |                                 ^~
../Src/serial.c:114:17: warning: unused variable 'latest_character' [-Wunused-variable]
  114 |         uint8_t latest_character = 0;
      |                 ^~~~~~~~~~~~~~~~
../Src/serial.c: At top level:
../Src/serial.c:133:1: error: expected identifier or '(' before '}' token
  133 | }
      | ^
../Src/serial.c:135:6: error: conflicting types for 'SerialInputString'; have 'void(SerialPort *)' {aka 'void(struct _SerialPort *)'}
  135 | void SerialInputString(SerialPort *serial_port) {
      |      ^~~~~~~~~~~~~~~~~
../Inc/serial.h:27:10: note: previous declaration of 'SerialInputString' with type 'uint16_t(SerialPort *)' {aka 'short unsigned int(struct _SerialPort *)'}
   27 | uint16_t SerialInputString(SerialPort *serial_port);
      |          ^~~~~~~~~~~~~~~~~
../Src/serial.c: In function 'SerialInputString':
../Src/serial.c:145:21: warning: implicit declaration of function 'SerialInputChar'; did you mean 'SerialOutputChar'? [-Wimplicit-function-declaration]
  145 |         InputChar = SerialInputChar(serial_port);
      |                     ^~~~~~~~~~~~~~~
      |                     SerialOutputChar
make: *** [Src/subdir.mk:28: Src/serial.o] Error 1
make: *** Waiting for unfinished jobs....
"make -j9 all" terminated with exit code 2. Build might be incomplete.
11:22:22 **** Incremental Build of configuration Debug for project SerialInterface ****
make -j9 all 
arm-none-eabi-gcc "../Src/serial.c" -mcpu=cortex-m4 -std=gnu11 -g3 -DDEBUG -DSTM32F303VCTx -DSTM32 -DSTM32F3 -DSTM32F3DISCOVERY -c -I../Inc -O0 -ffunction-sections -fdata-sections -Wall -fstack-usage -fcyclomatic-complexity -MMD -MP -MF"Src/serial.d" -MT"Src/serial.o" --specs=nano.specs -mfpu=fpv4-sp-d16 -mfloat-abi=hard -mthumb -o "Src/serial.o"
../Src/serial.c:15:26: warning: missing braces around initializer [-Wmissing-braces]
   15 | SerialPort USART1_PORT = {USART1,
      |                          ^
......
   24 |                 0x00, //buffer intialised at 0
      |                 {
   25 |                 0x00 // default function pointer is NULL
   26 |                 };
      |                 }
../Src/serial.c:31:6: error: conflicting types for 'SerialInitialise'; have 'void(uint32_t,  SerialPort *, void (*)(uint32_t))' {aka 'void(long unsigned int,  struct _SerialPort *, void (*)(long unsigned int))'}
   31 | void SerialInitialise(uint32_t baudRate, SerialPort *serial_port, void (*completion_function)(uint32_t)) {
      |      ^~~~~~~~~~~~~~~~
In file included from ../Src/serial.c:1:
../Inc/serial.h:23:6: note: previous declaration of 'SerialInitialise' with type 'void(BaudRate,  SerialPort *, void (*)(uint32_t))' {aka 'void(BaudRate,  struct _SerialPort *, void (*)(long unsigned int))'}
   23 | void SerialInitialise(BaudRate baudRate, SerialPort *serial_port, void (*completion_function)(uint32_t));
      |      ^~~~~~~~~~~~~~~~
../Src/serial.c:152:6: error: redefinition of 'SerialOutputChar'
  152 | void SerialOutputChar(uint8_t data, SerialPort *serial_port) {
      |      ^~~~~~~~~~~~~~~~
../Src/serial.c:89:6: note: previous definition of 'SerialOutputChar' with type 'void(uint8_t,  SerialPort *)' {aka 'void(unsigned char,  struct _SerialPort *)'}
   89 | void SerialOutputChar(uint8_t data, SerialPort *serial_port) {
      |      ^~~~~~~~~~~~~~~~
../Src/serial.c: In function 'SerialOutputString':
../Src/serial.c:171:45: error: 'NULL' undeclared (first use in this function)
  171 |     if (serial_port->completion_function != NULL) {
      |                                             ^~~~
../Src/serial.c:4:1: note: 'NULL' is defined in header '<stddef.h>'; did you forget to '#include <stddef.h>'?
    3 | #include "stm32f303xc.h"
  +++ |+#include <stddef.h>
    4 | 
../Src/serial.c:171:45: note: each undeclared identifier is reported only once for each function it appears in
  171 |     if (serial_port->completion_function != NULL) {
      |                                             ^~~~
../Src/serial.c: In function 'SerialInputString':
../Src/serial.c:231:45: error: 'NULL' undeclared (first use in this function)
  231 |     if (serial_port->completion_function != NULL) {
      |                                             ^~~~
../Src/serial.c:231:45: note: 'NULL' is defined in header '<stddef.h>'; did you forget to '#include <stddef.h>'?
make: *** [Src/subdir.mk:28: Src/serial.o] Error 1
"make -j9 all" terminated with exit code 2. Build might be incomplete.
11:24:17 **** Incremental Build of configuration Debug for project SerialInterface ****
make -j9 all 
arm-none-eabi-gcc "../Src/serial.c" -mcpu=cortex-m4 -std=gnu11 -g3 -DDEBUG -DSTM32F303VCTx -DSTM32 -DSTM32F3 -DSTM32F3DISCOVERY -c -I../Inc -O0 -ffunction-sections -fdata-sections -Wall -fstack-usage -fcyclomatic-complexity -MMD -MP -MF"Src/serial.d" -MT"Src/serial.o" --specs=nano.specs -mfpu=fpv4-sp-d16 -mfloat-abi=hard -mthumb -o "Src/serial.o"
../Src/serial.c:15:26: warning: missing braces around initializer [-Wmissing-braces]
   15 | SerialPort USART1_PORT = {USART1,
      |                          ^
......
   24 |                 0x00, //buffer intialised at 0
      |                 {
   25 |                 0x00 // default function pointer is NULL
   26 |                 };
      |                 }
../Src/serial.c: In function 'SerialOutputString':
../Src/serial.c:102:42: error: 'index' undeclared (first use in this function)
  102 |         serial_port->completion_function(index);
      |                                          ^~~~~
../Src/serial.c:102:42: note: each undeclared identifier is reported only once for each function it appears in
../Src/serial.c:164:1: error: expected declaration or statement at end of input
  164 | }
      | ^
../Src/serial.c: At top level:
../Src/serial.c:131:10: warning: 'SerialInputString' defined but not used [-Wunused-function]
  131 | uint16_t SerialInputString(SerialPort *serial_port) {
      |          ^~~~~~~~~~~~~~~~~
make: *** [Src/subdir.mk:28: Src/serial.o] Error 1
"make -j9 all" terminated with exit code 2. Build might be incomplete.
11:24:20 **** Incremental Build of configuration Debug for project SerialInterface ****
make -j9 all 
arm-none-eabi-gcc "../Src/serial.c" -mcpu=cortex-m4 -std=gnu11 -g3 -DDEBUG -DSTM32F303VCTx -DSTM32 -DSTM32F3 -DSTM32F3DISCOVERY -c -I../Inc -O0 -ffunction-sections -fdata-sections -Wall -fstack-usage -fcyclomatic-complexity -MMD -MP -MF"Src/serial.d" -MT"Src/serial.o" --specs=nano.specs -mfpu=fpv4-sp-d16 -mfloat-abi=hard -mthumb -o "Src/serial.o"
../Src/serial.c:15:26: warning: missing braces around initializer [-Wmissing-braces]
   15 | SerialPort USART1_PORT = {USART1,
      |                          ^
......
   24 |                 0x00, //buffer intialised at 0
      |                 {
   25 |                 0x00 // default function pointer is NULL
   26 |                 };
      |                 }
../Src/serial.c: In function 'SerialOutputString':
../Src/serial.c:102:42: error: 'index' undeclared (first use in this function)
  102 |         serial_port->completion_function(index);
      |                                          ^~~~~
../Src/serial.c:102:42: note: each undeclared identifier is reported only once for each function it appears in
../Src/serial.c:164:1: error: expected declaration or statement at end of input
  164 | }
      | ^
../Src/serial.c: At top level:
../Src/serial.c:131:10: warning: 'SerialInputString' defined but not used [-Wunused-function]
  131 | uint16_t SerialInputString(SerialPort *serial_port) {
      |          ^~~~~~~~~~~~~~~~~
make: *** [Src/subdir.mk:28: Src/serial.o] Error 1
"make -j9 all" terminated with exit code 2. Build might be incomplete.
11:25:15 **** Incremental Build of configuration Debug for project SerialInterface ****
make -j9 all 
arm-none-eabi-gcc "../Src/serial.c" -mcpu=cortex-m4 -std=gnu11 -g3 -DDEBUG -DSTM32F303VCTx -DSTM32 -DSTM32F3 -DSTM32F3DISCOVERY -c -I../Inc -O0 -ffunction-sections -fdata-sections -Wall -fstack-usage -fcyclomatic-complexity -MMD -MP -MF"Src/serial.d" -MT"Src/serial.o" --specs=nano.specs -mfpu=fpv4-sp-d16 -mfloat-abi=hard -mthumb -o "Src/serial.o"
../Src/serial.c:15:26: warning: missing braces around initializer [-Wmissing-braces]
   15 | SerialPort USART1_PORT = {USART1,
      |                          ^
......
   24 |                 0x00, //buffer intialised at 0
      |                 {
   25 |                 0x00 // default function pointer is NULL
   26 |                 };
      |                 }
arm-none-eabi-gcc -o "SerialInterface.elf" @"objects.list"   -mcpu=cortex-m4 -T"/Users/henrywilcox/MTRX_GITHEADS/SerialInterface/STM32F303VCTX_FLASH.ld" --specs=nosys.specs -Wl,-Map="SerialInterface.map" -Wl,--gc-sections -static --specs=nano.specs -mfpu=fpv4-sp-d16 -mfloat-abi=hard -mthumb -Wl,--start-group -lc -lm -Wl,--end-group
Finished building target: SerialInterface.elf
 
arm-none-eabi-size  SerialInterface.elf 
arm-none-eabi-objdump -h -S SerialInterface.elf  > "SerialInterface.list"
   text	   data	    bss	    dec	    hex	filename
   4244	    376	   1896	   6516	   1974	SerialInterface.elf
Finished building: default.size.stdout
 
Finished building: SerialInterface.list
 
11:26:03 **** Incremental Build of configuration Debug for project SerialInterface ****
make -j9 all 
arm-none-eabi-size  SerialInterface.elf 
   text	   data	    bss	    dec	    hex	filename
   4244	    376	   1896	   6516	   1974	SerialInterface.elf
Finished building: default.size.stdout
 
