13:29:41 **** Incremental Build of configuration Debug for project SerialInterfaceIRQ ****
make -j9 all 
arm-none-eabi-gcc "../Src/main.c" -mcpu=cortex-m4 -std=gnu11 -g3 -DDEBUG -DSTM32F303VCTx -DSTM32 -DSTM32F3 -DSTM32F3DISCOVERY -c -I../Inc -O0 -ffunction-sections -fdata-sections -Wall -fstack-usage -fcyclomatic-complexity -MMD -MP -MF"Src/main.d" -MT"Src/main.o" --specs=nano.specs -mfpu=fpv4-sp-d16 -mfloat-abi=hard -mthumb -o "Src/main.o"
arm-none-eabi-gcc "../Src/serial_interrupt.c" -mcpu=cortex-m4 -std=gnu11 -g3 -DDEBUG -DSTM32F303VCTx -DSTM32 -DSTM32F3 -DSTM32F3DISCOVERY -c -I../Inc -O0 -ffunction-sections -fdata-sections -Wall -fstack-usage -fcyclomatic-complexity -MMD -MP -MF"Src/serial_interrupt.d" -MT"Src/serial_interrupt.o" --specs=nano.specs -mfpu=fpv4-sp-d16 -mfloat-abi=hard -mthumb -o "Src/serial_interrupt.o"
../Src/serial_interrupt.c: In function 'USART1_EXTI25_IRQHandler':
../Src/serial_interrupt.c:79:49: warning: passing argument 1 of 'USART1_PORT.completion_function' discards 'volatile' qualifier from pointer target type [-Wdiscarded-qualifiers]
   79 |                 USART1_PORT.completion_function(rx_buffer2, rx_index);
      |                                                 ^~~~~~~~~~
../Src/serial_interrupt.c:79:49: note: expected 'uint8_t *' {aka 'unsigned char *'} but argument is of type 'volatile uint8_t *' {aka 'volatile unsigned char *'}
../Src/main.c:29:2: warning: #warning "FPU is not initialized, but the project is compiling for an FPU. Please initialize the FPU before use." [-Wcpp]
   29 | #warning "FPU is not initialized, but the project is compiling for an FPU. Please initialize the FPU before use."
      |  ^~~~~~~
arm-none-eabi-gcc -o "SerialInterfaceIRQ.elf" @"objects.list"   -mcpu=cortex-m4 -T"/Users/henrywilcox/MTRX_GITHEADS/SerialInterfaceIRQ/STM32F303VCTX_FLASH.ld" --specs=nosys.specs -Wl,-Map="SerialInterfaceIRQ.map" -Wl,--gc-sections -static --specs=nano.specs -mfpu=fpv4-sp-d16 -mfloat-abi=hard -mthumb -Wl,--start-group -lc -lm -Wl,--end-group
Finished building target: SerialInterfaceIRQ.elf
 
arm-none-eabi-size  SerialInterfaceIRQ.elf 
arm-none-eabi-objdump -h -S SerialInterfaceIRQ.elf  > "SerialInterfaceIRQ.list"
   text	   data	    bss	    dec	    hex	filename
   4532	    376	   2416	   7324	   1c9c	SerialInterfaceIRQ.elf
Finished building: default.size.stdout
 
Finished building: SerialInterfaceIRQ.list
 

13:29:42 Build Finished. 0 errors, 2 warnings. (took 1s.33ms)

