12:39:37 **** Incremental Build of configuration Debug for project SerialInterface ****
make -j9 all 
arm-none-eabi-gcc "../Src/main.c" -mcpu=cortex-m4 -std=gnu11 -g3 -DDEBUG -DSTM32F303VCTx -DSTM32 -DSTM32F3 -DSTM32F3DISCOVERY -c -I../Inc -O0 -ffunction-sections -fdata-sections -Wall -fstack-usage -fcyclomatic-complexity -MMD -MP -MF"Src/main.d" -MT"Src/main.o" --specs=nano.specs -mfpu=fpv4-sp-d16 -mfloat-abi=hard -mthumb -o "Src/main.o"
arm-none-eabi-gcc "../Src/serial.c" -mcpu=cortex-m4 -std=gnu11 -g3 -DDEBUG -DSTM32F303VCTx -DSTM32 -DSTM32F3 -DSTM32F3DISCOVERY -c -I../Inc -O0 -ffunction-sections -fdata-sections -Wall -fstack-usage -fcyclomatic-complexity -MMD -MP -MF"Src/serial.d" -MT"Src/serial.o" --specs=nano.specs -mfpu=fpv4-sp-d16 -mfloat-abi=hard -mthumb -o "Src/serial.o"
../Src/serial.c:15:26: warning: missing braces around initializer [-Wmissing-braces]
   15 | SerialPort USART1_PORT = {USART1,
      |                          ^
......
   24 |                 0x00, //buffer intialised at 0
      |                 {
   25 |                 0x00 // default function pointer is NULL
   26 |                 };
      |                 }
../Src/main.c:27:2: warning: #warning "FPU is not initialized, but the project is compiling for an FPU. Please initialize the FPU before use." [-Wcpp]
   27 | #warning "FPU is not initialized, but the project is compiling for an FPU. Please initialize the FPU before use."
      |  ^~~~~~~
arm-none-eabi-gcc -o "SerialInterface.elf" @"objects.list"   -mcpu=cortex-m4 -T"/Users/henrywilcox/MTRX_GITHEADS/SerialInterface/STM32F303VCTX_FLASH.ld" --specs=nosys.specs -Wl,-Map="SerialInterface.map" -Wl,--gc-sections -static --specs=nano.specs -mfpu=fpv4-sp-d16 -mfloat-abi=hard -mthumb -Wl,--start-group -lc -lm -Wl,--end-group
Finished building target: SerialInterface.elf
 
arm-none-eabi-size  SerialInterface.elf 
arm-none-eabi-objdump -h -S SerialInterface.elf  > "SerialInterface.list"
   text	   data	    bss	    dec	    hex	filename
   4224	    376	   1896	   6496	   1960	SerialInterface.elf
Finished building: default.size.stdout
 
Finished building: SerialInterface.list
 

12:39:38 Build Finished. 0 errors, 2 warnings. (took 1s.46ms)

