Archive member included to satisfy reference by file (symbol)

/Applications/STM32CubeIDE.app/Contents/Eclipse/plugins/com.st.stm32cube.ide.mcu.externaltools.gnu-tools-for-stm32.12.3.rel1.macos64_1.1.0.202410301201/tools/bin/../lib/gcc/arm-none-eabi/12.3.1/../../../../arm-none-eabi/lib/thumb/v7e-m+fp/hard/libc_nano.a(libc_a-exit.o)
                              /Applications/STM32CubeIDE.app/Contents/Eclipse/plugins/com.st.stm32cube.ide.mcu.externaltools.gnu-tools-for-stm32.12.3.rel1.macos64_1.1.0.202410301201/tools/bin/../lib/gcc/arm-none-eabi/12.3.1/../../../../arm-none-eabi/lib/thumb/v7e-m+fp/hard/crt0.o (exit)
/Applications/STM32CubeIDE.app/Contents/Eclipse/plugins/com.st.stm32cube.ide.mcu.externaltools.gnu-tools-for-stm32.12.3.rel1.macos64_1.1.0.202410301201/tools/bin/../lib/gcc/arm-none-eabi/12.3.1/../../../../arm-none-eabi/lib/thumb/v7e-m+fp/hard/libc_nano.a(libc_a-findfp.o)
                              /Applications/STM32CubeIDE.app/Contents/Eclipse/plugins/com.st.stm32cube.ide.mcu.externaltools.gnu-tools-for-stm32.12.3.rel1.macos64_1.1.0.202410301201/tools/bin/../lib/gcc/arm-none-eabi/12.3.1/../../../../arm-none-eabi/lib/thumb/v7e-m+fp/hard/libc_nano.a(libc_a-exit.o) (__stdio_exit_handler)
/Applications/STM32CubeIDE.app/Contents/Eclipse/plugins/com.st.stm32cube.ide.mcu.externaltools.gnu-tools-for-stm32.12.3.rel1.macos64_1.1.0.202410301201/tools/bin/../lib/gcc/arm-none-eabi/12.3.1/../../../../arm-none-eabi/lib/thumb/v7e-m+fp/hard/libc_nano.a(libc_a-fwalk.o)
                              /Applications/STM32CubeIDE.app/Contents/Eclipse/plugins/com.st.stm32cube.ide.mcu.externaltools.gnu-tools-for-stm32.12.3.rel1.macos64_1.1.0.202410301201/tools/bin/../lib/gcc/arm-none-eabi/12.3.1/../../../../arm-none-eabi/lib/thumb/v7e-m+fp/hard/libc_nano.a(libc_a-findfp.o) (_fwalk_sglue)
/Applications/STM32CubeIDE.app/Contents/Eclipse/plugins/com.st.stm32cube.ide.mcu.externaltools.gnu-tools-for-stm32.12.3.rel1.macos64_1.1.0.202410301201/tools/bin/../lib/gcc/arm-none-eabi/12.3.1/../../../../arm-none-eabi/lib/thumb/v7e-m+fp/hard/libc_nano.a(libc_a-memset.o)
                              /Applications/STM32CubeIDE.app/Contents/Eclipse/plugins/com.st.stm32cube.ide.mcu.externaltools.gnu-tools-for-stm32.12.3.rel1.macos64_1.1.0.202410301201/tools/bin/../lib/gcc/arm-none-eabi/12.3.1/../../../../arm-none-eabi/lib/thumb/v7e-m+fp/hard/crt0.o (memset)
/Applications/STM32CubeIDE.app/Contents/Eclipse/plugins/com.st.stm32cube.ide.mcu.externaltools.gnu-tools-for-stm32.12.3.rel1.macos64_1.1.0.202410301201/tools/bin/../lib/gcc/arm-none-eabi/12.3.1/../../../../arm-none-eabi/lib/thumb/v7e-m+fp/hard/libc_nano.a(libc_a-impure.o)
                              /Applications/STM32CubeIDE.app/Contents/Eclipse/plugins/com.st.stm32cube.ide.mcu.externaltools.gnu-tools-for-stm32.12.3.rel1.macos64_1.1.0.202410301201/tools/bin/../lib/gcc/arm-none-eabi/12.3.1/../../../../arm-none-eabi/lib/thumb/v7e-m+fp/hard/libc_nano.a(libc_a-findfp.o) (_impure_data)
/Applications/STM32CubeIDE.app/Contents/Eclipse/plugins/com.st.stm32cube.ide.mcu.externaltools.gnu-tools-for-stm32.12.3.rel1.macos64_1.1.0.202410301201/tools/bin/../lib/gcc/arm-none-eabi/12.3.1/../../../../arm-none-eabi/lib/thumb/v7e-m+fp/hard/libc_nano.a(libc_a-errno.o)
                              ./Src/syscalls.o (__errno)
/Applications/STM32CubeIDE.app/Contents/Eclipse/plugins/com.st.stm32cube.ide.mcu.externaltools.gnu-tools-for-stm32.12.3.rel1.macos64_1.1.0.202410301201/tools/bin/../lib/gcc/arm-none-eabi/12.3.1/../../../../arm-none-eabi/lib/thumb/v7e-m+fp/hard/libc_nano.a(libc_a-init.o)
                              /Applications/STM32CubeIDE.app/Contents/Eclipse/plugins/com.st.stm32cube.ide.mcu.externaltools.gnu-tools-for-stm32.12.3.rel1.macos64_1.1.0.202410301201/tools/bin/../lib/gcc/arm-none-eabi/12.3.1/../../../../arm-none-eabi/lib/thumb/v7e-m+fp/hard/crt0.o (__libc_init_array)
/Applications/STM32CubeIDE.app/Contents/Eclipse/plugins/com.st.stm32cube.ide.mcu.externaltools.gnu-tools-for-stm32.12.3.rel1.macos64_1.1.0.202410301201/tools/bin/../lib/gcc/arm-none-eabi/12.3.1/../../../../arm-none-eabi/lib/thumb/v7e-m+fp/hard/libc_nano.a(libc_a-lock.o)
                              /Applications/STM32CubeIDE.app/Contents/Eclipse/plugins/com.st.stm32cube.ide.mcu.externaltools.gnu-tools-for-stm32.12.3.rel1.macos64_1.1.0.202410301201/tools/bin/../lib/gcc/arm-none-eabi/12.3.1/../../../../arm-none-eabi/lib/thumb/v7e-m+fp/hard/libc_nano.a(libc_a-findfp.o) (__retarget_lock_init_recursive)
/Applications/STM32CubeIDE.app/Contents/Eclipse/plugins/com.st.stm32cube.ide.mcu.externaltools.gnu-tools-for-stm32.12.3.rel1.macos64_1.1.0.202410301201/tools/bin/../lib/gcc/arm-none-eabi/12.3.1/../../../../arm-none-eabi/lib/thumb/v7e-m+fp/hard/libc_nano.a(libc_a-mallocr.o)
[...]
Memory Configuration

Name             Origin             Length             Attributes
CCMRAM           0x10000000         0x00002000         xrw
RAM              0x20000000         0x0000a000         xrw
FLASH            0x08000000         0x00040000         xr
*default*        0x00000000         0xffffffff

Linker script and memory map

LOAD /Applications/STM32CubeIDE.app/Contents/Eclipse/plugins/com.st.stm32cube.ide.mcu.externaltools.gnu-tools-for-stm32.12.3.rel1.macos64_1.1.0.202410301201/tools/bin/../lib/gcc/arm-none-eabi/12.3.1/thumb/v7e-m+fp/hard/crti.o
LOAD /Applications/STM32CubeIDE.app/Contents/Eclipse/plugins/com.st.stm32cube.ide.mcu.externaltools.gnu-tools-for-stm32.12.3.rel1.macos64_1.1.0.202410301201/tools/bin/../lib/gcc/arm-none-eabi/12.3.1/thumb/v7e-m+fp/hard/crtbegin.o
LOAD /Applications/STM32CubeIDE.app/Contents/Eclipse/plugins/com.st.stm32cube.ide.mcu.externaltools.gnu-tools-for-stm32.12.3.rel1.macos64_1.1.0.202410301201/tools/bin/../lib/gcc/arm-none-eabi/12.3.1/../../../../arm-none-eabi/lib/thumb/v7e-m+fp/hard/crt0.o
LOAD ./Src/digital_io.o
LOAD ./Src/main.o
LOAD ./Src/syscalls.o
LOAD ./Src/sysmem.o
LOAD ./Src/timer.o
LOAD ./Startup/startup_stm32f303vctx.o
START GROUP
LOAD /Applications/STM32CubeIDE.app/Contents/Eclipse/plugins/com.st.stm32cube.ide.mcu.externaltools.gnu-tools-for-stm32.12.3.rel1.macos64_1.1.0.202410301201/tools/bin/../lib/gcc/arm-none-eabi/12.3.1/../../../../arm-none-eabi/lib/thumb/v7e-m+fp/hard/libc_nano.a
LOAD /Applications/STM32CubeIDE.app/Contents/Eclipse/plugins/com.st.stm32cube.ide.mcu.externaltools.gnu-tools-for-stm32.12.3.rel1.macos64_1.1.0.202410301201/tools/bin/../lib/gcc/arm-none-eabi/12.3.1/../../../../arm-none-eabi/lib/thumb/v7e-m+fp/hard/libm.a
END GROUP
START GROUP
LOAD /Applications/STM32CubeIDE.app/Contents/Eclipse/plugins/com.st.stm32cube.ide.mcu.externaltools.gnu-tools-for-stm32.12.3.rel1.macos64_1.1.0.202410301201/tools/bin/../lib/gcc/arm-none-eabi/12.3.1/thumb/v7e-m+fp/hard/libgcc.a
LOAD /Applications/STM32CubeIDE.app/Contents/Eclipse/plugins/com.st.stm32cube.ide.mcu.externaltools.gnu-tools-for-stm32.12.3.rel1.macos64_1.1.0.202410301201/tools/bin/../lib/gcc/arm-none-eabi/12.3.1/../../../../arm-none-eabi/lib/thumb/v7e-m+fp/hard/libc_nano.a
END GROUP
START GROUP
LOAD /Applications/STM32CubeIDE.app/Contents/Eclipse/plugins/com.st.stm32cube.ide.mcu.externaltools.gnu-tools-for-stm32.12.3.rel1.macos64_1.1.0.202410301201/tools/bin/../lib/gcc/arm-none-eabi/12.3.1/thumb/v7e-m+fp/hard/libgcc.a
LOAD /Applications/STM32CubeIDE.app/Contents/Eclipse/plugins/com.st.stm32cube.ide.mcu.externaltools.gnu-tools-for-stm32.12.3.rel1.macos64_1.1.0.202410301201/tools/bin/../lib/gcc/arm-none-eabi/12.3.1/../../../../arm-none-eabi/lib/thumb/v7e-m+fp/hard/libc_nano.a
LOAD /Applications/STM32CubeIDE.app/Contents/Eclipse/plugins/com.st.stm32cube.ide.mcu.externaltools.gnu-tools-for-stm32.12.3.rel1.macos64_1.1.0.202410301201/tools/bin/../lib/gcc/arm-none-eabi/12.3.1/../../../../arm-none-eabi/lib/thumb/v7e-m+fp/hard/libnosys.a
END GROUP
START GROUP
LOAD /Applications/STM32CubeIDE.app/Contents/Eclipse/plugins/com.st.stm32cube.ide.mcu.externaltools.gnu-tools-for-stm32.12.3.rel1.macos64_1.1.0.202410301201/tools/bin/../lib/gcc/arm-none-eabi/12.3.1/thumb/v7e-m+fp/hard/libgcc.a
LOAD /Applications/STM32CubeIDE.app/Contents/Eclipse/plugins/com.st.stm32cube.ide.mcu.externaltools.gnu-tools-for-stm32.12.3.rel1.macos64_1.1.0.202410301201/tools/bin/../lib/gcc/arm-none-eabi/12.3.1/../../../../arm-none-eabi/lib/thumb/v7e-m+fp/hard/libc_nano.a
LOAD /Applications/STM32CubeIDE.app/Contents/Eclipse/plugins/com.st.stm32cube.ide.mcu.externaltools.gnu-tools-for-stm32.12.3.rel1.macos64_1.1.0.202410301201/tools/bin/../lib/gcc/arm-none-eabi/12.3.1/../../../../arm-none-eabi/lib/thumb/v7e-m+fp/hard/libnosys.a
END GROUP
LOAD /Applications/STM32CubeIDE.app/Contents/Eclipse/plugins/com.st.stm32cube.ide.mcu.externaltools.gnu-tools-for-stm32.12.3.rel1.macos64_1.1.0.202410301201/tools/bin/../lib/gcc/arm-none-eabi/12.3.1/thumb/v7e-m+fp/hard/crtend.o
LOAD /Applications/STM32CubeIDE.app/Contents/Eclipse/plugins/com.st.stm32cube.ide.mcu.externaltools.gnu-tools-for-stm32.12.3.rel1.macos64_1.1.0.202410301201/tools/bin/../lib/gcc/arm-none-eabi/12.3.1/thumb/v7e-m+fp/hard/crtn.o
                0x2000a000                        _estack = (ORIGIN (RAM) + LENGTH (RAM))
                0x00000200                        _Min_Heap_Size = 0x200
                0x00000400                        _Min_Stack_Size = 0x400

.isr_vector     0x08000000      0x194
                0x08000000                        . = ALIGN (0x4)
 *(.isr_vector)
 .isr_vector    0x08000000      0x194 ./Startup/startup_stm32f303vctx.o
                0x08000000                g_pfnVectors
                0x08000194                        . = ALIGN (0x4)

.text           0x08000194      0x508
                0x08000194                        . = ALIGN (0x4)
 *(.text)
 .text          0x08000194       0x40 /Applications/STM32CubeIDE.app/Contents/Eclipse/plugins/com.st.stm32cube.ide.mcu.externaltools.gnu-tools-for-stm32.12.3.rel1.macos64_1.1.0.202410301201/tools/bin/../lib/gcc/arm-none-eabi/12.3.1/thumb/v7e-m+fp/hard/crtbegin.o
 *(.text*)
 .text.__NVIC_EnableIRQ
                0x080001d4       0x3c ./Src/digital_io.o
 .text.__NVIC_SetPriority
                0x08000210       0x54 ./Src/digital_io.o
 .text.EXTI0_IRQHandler
                0x08000264       0x2c ./Src/digital_io.o
                0x08000264                EXTI0_IRQHandler
 .text.enable_clocks
                0x08000290       0x20 ./Src/digital_io.o
                0x08000290                enable_clocks
 .text.initialise_board
                0x080002b0       0x24 ./Src/digital_io.o
                0x080002b0                initialise_board
 .text.enable_interrupt
                0x080002d4       0x54 ./Src/digital_io.o
                0x080002d4                enable_interrupt
 .text.GetLEDBitmask
                0x08000328       0x18 ./Src/digital_io.o
                0x08000328                GetLEDBitmask
 .text.SetLEDBitmask
                0x08000340       0x30 ./Src/digital_io.o
                0x08000340                SetLEDBitmask
 .text.DigitalInitialise
                0x08000370       0x2c ./Src/digital_io.o
                0x08000370                DigitalInitialise
 .text.reset_led_cooldown
                0x0800039c       0x18 ./Src/main.o
                0x0800039c                reset_led_cooldown
 .text.chase_led_cooldown
                0x080003b4       0x50 ./Src/main.o
                0x080003b4                chase_led_cooldown
 .text.main     0x08000404       0x14 ./Src/main.o
                0x08000404                main
 .text.__NVIC_EnableIRQ
                0x08000418       0x3c ./Src/timer.o
 .text.__NVIC_SetPriority
                0x08000454       0x54 ./Src/timer.o
 .text.TimerInitialise
                0x080004a8       0x48 ./Src/timer.o
                0x080004a8                TimerInitialise
 .text.Timer_StartOneShot
                0x080004f0       0x94 ./Src/timer.o
                0x080004f0                Timer_StartOneShot
 .text.TIM2_IRQHandler
                0x08000584       0x64 ./Src/timer.o
                0x08000584                TIM2_IRQHandler
 .text.Reset_Handler
                0x080005e8       0x50 ./Startup/startup_stm32f303vctx.o
                0x080005e8                Reset_Handler
 .text.Default_Handler
                0x08000638        0x2 ./Startup/startup_stm32f303vctx.o
                0x08000638                TIM1_BRK_TIM15_IRQHandler
                0x08000638                TIM8_CC_IRQHandler
                0x08000638                DebugMon_Handler
                0x08000638                DMA1_CH4_IRQHandler
                0x08000638                SPI4_IRQHandler
                0x08000638                TIM1_CC_IRQHandler
                0x08000638                HardFault_Handler
                0x08000638                USB_HP_IRQHandler
                0x08000638                I2C2_EV_EXTI24_IRQHandler
                0x08000638                SysTick_Handler
                0x08000638                USB_WKUP_EXTI_IRQHandler
                0x08000638                PVD_IRQHandler
                0x08000638                UART4_EXTI34_IRQHandler
                0x08000638                TAMP_STAMP_IRQHandler
                0x08000638                PendSV_Handler
                0x08000638                NMI_Handler
                0x08000638                EXTI3_IRQHandler
                0x08000638                I2C3_ER_IRQHandler
                0x08000638                TIM6_DACUNDER_IRQHandler
                0x08000638                USB_HP_CAN_TX_IRQHandler
                0x08000638                DMA2_CH1_IRQHandler
                0x08000638                TIM1_UP_TIM16_IRQHandler
                0x08000638                UsageFault_Handler
                0x08000638                ADC1_2_IRQHandler
                0x08000638                SPI1_IRQHandler
                0x08000638                CAN_SCE_IRQHandler
                0x08000638                DMA1_CH7_IRQHandler
                0x08000638                TIM8_UP_IRQHandler
                0x08000638                COMP456_IRQHandler
                0x08000638                DMA1_CH6_IRQHandler
                0x08000638                TIM20_TRG_COM_IRQHandler
                0x08000638                ADC3_IRQHandler
                0x08000638                TIM4_IRQHandler
                0x08000638                CAN_RX1_IRQHandler
                0x08000638                USART1_EXTI25_IRQHandler
                0x08000638                DMA2_CH5_IRQHandler
                0x08000638                I2C1_EV_EXTI23_IRQHandler
                0x08000638                DMA1_CH3_IRQHandler
                0x08000638                TIM3_IRQHandler
                0x08000638                RCC_IRQHandler
                0x08000638                TIM20_UP_IRQHandler
                0x08000638                Default_Handler
                0x08000638                EXTI15_10_IRQHandler
                0x08000638                USART2_EXTI26_IRQHandler
                0x08000638                USART3_EXTI28_IRQHandler
                0x08000638                TIM7_IRQHandler
                0x08000638                I2C3_EV_IRQHandler
                0x08000638                EXTI9_5_IRQHandler
                0x08000638                DMA1_CH2_IRQHandler
                0x08000638                RTC_WKUP_IRQHandler
                0x08000638                SPI2_IRQHandler
                0x08000638                DMA1_CH1_IRQHandler
                0x08000638                USB_LP_CAN_RX0_IRQHandler
                0x08000638                MemManage_Handler
                0x08000638                COMP123_IRQHandler
                0x08000638                SVC_Handler
                0x08000638                USB_LP_IRQHandler
                0x08000638                EXTI4_IRQHandler
                0x08000638                TIM1_TRG_COM_TIM17_IRQHandler
                0x08000638                ADC4_IRQHandler
                0x08000638                WWDG_IRQHandler
                0x08000638                COMP7_IRQHandler
                0x08000638                EXTI1_IRQHandler
                0x08000638                RTCAlarm_IRQHandler
                0x08000638                UART5_EXTI35_IRQHandler
                0x08000638                TIM20_BRK_IRQHandler
                0x08000638                I2C2_ER_IRQHandler
                0x08000638                TIM8_BRK_IRQHandler
                0x08000638                FLASH_IRQHandler
                0x08000638                TIM20_CC_IRQHandler
                0x08000638                BusFault_Handler
                0x08000638                SPI3_IRQHandler
                0x08000638                DMA2_CH3_IRQHandler
                0x08000638                DMA2_CH2_IRQHandler
                0x08000638                I2C1_ER_IRQHandler
                0x08000638                FMC_IRQHandler
                0x08000638                DMA1_CH5_IRQHandler
                0x08000638                DMA2_CH4_IRQHandler
                0x08000638                USB_WKUP_IRQHandler
                0x08000638                EXTI2_TSC_IRQHandler
                0x08000638                TIM8_TRG_COM_IRQHandler
 *fill*         0x0800063a        0x2 
 .text.__libc_init_array
                0x0800063c       0x48 /Applications/STM32CubeIDE.app/Contents/Eclipse/plugins/com.st.stm32cube.ide.mcu.externaltools.gnu-tools-for-stm32.12.3.rel1.macos64_1.1.0.202410301201/tools/bin/../lib/gcc/arm-none-eabi/12.3.1/../../../../arm-none-eabi/lib/thumb/v7e-m+fp/hard/libc_nano.a(libc_a-init.o)
                0x0800063c                __libc_init_array
 *(.glue_7)
 .glue_7        0x08000684        0x0 linker stubs
 *(.glue_7t)
 .glue_7t       0x08000684        0x0 linker stubs
 *(.eh_frame)
 .eh_frame      0x08000684        0x0 /Applications/STM32CubeIDE.app/Contents/Eclipse/plugins/com.st.stm32cube.ide.mcu.externaltools.gnu-tools-for-stm32.12.3.rel1.macos64_1.1.0.202410301201/tools/bin/../lib/gcc/arm-none-eabi/12.3.1/thumb/v7e-m+fp/hard/crtbegin.o
 *(.init)
 .init          0x08000684        0x4 /Applications/STM32CubeIDE.app/Contents/Eclipse/plugins/com.st.stm32cube.ide.mcu.externaltools.gnu-tools-for-stm32.12.3.rel1.macos64_1.1.0.202410301201/tools/bin/../lib/gcc/arm-none-eabi/12.3.1/thumb/v7e-m+fp/hard/crti.o
                0x08000684                _init
 .init          0x08000688        0x8 /Applications/STM32CubeIDE.app/Contents/Eclipse/plugins/com.st.stm32cube.ide.mcu.externaltools.gnu-tools-for-stm32.12.3.rel1.macos64_1.1.0.202410301201/tools/bin/../lib/gcc/arm-none-eabi/12.3.1/thumb/v7e-m+fp/hard/crtn.o
 *(.fini)
 .fini          0x08000690        0x4 /Applications/STM32CubeIDE.app/Contents/Eclipse/plugins/com.st.stm32cube.ide.mcu.externaltools.gnu-tools-for-stm32.12.3.rel1.macos64_1.1.0.202410301201/tools/bin/../lib/gcc/arm-none-eabi/12.3.1/thumb/v7e-m+fp/hard/crti.o
                0x08000690                _fini
 .fini          0x08000694        0x8 /Applications/STM32CubeIDE.app/Contents/Eclipse/plugins/com.st.stm32cube.ide.mcu.externaltools.gnu-tools-for-stm32.12.3.rel1.macos64_1.1.0.202410301201/tools/bin/../lib/gcc/arm-none-eabi/12.3.1/thumb/v7e-m+fp/hard/crtn.o
                0x0800069c                        . = ALIGN (0x4)
                0x0800069c                        _etext = .

.vfp11_veneer   0x0800069c        0x0
 .vfp11_veneer  0x0800069c        0x0 linker stubs

.v4_bx          0x0800069c        0x0
 .v4_bx         0x0800069c        0x0 linker stubs

.iplt           0x0800069c        0x0
 .iplt          0x0800069c        0x0 /Applications/STM32CubeIDE.app/Contents/Eclipse/plugins/com.st.stm32cube.ide.mcu.externaltools.gnu-tools-for-stm32.12.3.rel1.macos64_1.1.0.202410301201/tools/bin/../lib/gcc/arm-none-eabi/12.3.1/thumb/v7e-m+fp/hard/crtbegin.o

.rodata         0x0800069c        0x0
                0x0800069c                        . = ALIGN (0x4)
 *(.rodata)
 *(.rodata*)
                0x0800069c                        . = ALIGN (0x4)

.ARM.extab      0x0800069c        0x0
                0x0800069c                        . = ALIGN (0x4)
 *(.ARM.extab* .gnu.linkonce.armextab.*)
                0x0800069c                        . = ALIGN (0x4)

.ARM            0x0800069c        0x0
                0x0800069c                        . = ALIGN (0x4)
                0x0800069c                        __exidx_start = .
 *(.ARM.exidx*)
                0x0800069c                        __exidx_end = .
                0x0800069c                        . = ALIGN (0x4)

.preinit_array  0x0800069c        0x0
                0x0800069c                        . = ALIGN (0x4)
                0x0800069c                        PROVIDE (__preinit_array_start = .)
 *(.preinit_array*)
                0x0800069c                        PROVIDE (__preinit_array_end = .)
                0x0800069c                        . = ALIGN (0x4)

.init_array     0x0800069c        0x4
                0x0800069c                        . = ALIGN (0x4)
                0x0800069c                        PROVIDE (__init_array_start = .)
 *(SORT_BY_NAME(.init_array.*))
 *(.init_array*)
 .init_array    0x0800069c        0x4 /Applications/STM32CubeIDE.app/Contents/Eclipse/plugins/com.st.stm32cube.ide.mcu.externaltools.gnu-tools-for-stm32.12.3.rel1.macos64_1.1.0.202410301201/tools/bin/../lib/gcc/arm-none-eabi/12.3.1/thumb/v7e-m+fp/hard/crtbegin.o
                0x080006a0                        PROVIDE (__init_array_end = .)
                0x080006a0                        . = ALIGN (0x4)

.fini_array     0x080006a0        0x4
                0x080006a0                        . = ALIGN (0x4)
                [!provide]                        PROVIDE (__fini_array_start = .)
 *(SORT_BY_NAME(.fini_array.*))
 *(.fini_array*)
 .fini_array    0x080006a0        0x4 /Applications/STM32CubeIDE.app/Contents/Eclipse/plugins/com.st.stm32cube.ide.mcu.externaltools.gnu-tools-for-stm32.12.3.rel1.macos64_1.1.0.202410301201/tools/bin/../lib/gcc/arm-none-eabi/12.3.1/thumb/v7e-m+fp/hard/crtbegin.o
                [!provide]                        PROVIDE (__fini_array_end = .)
                0x080006a4                        . = ALIGN (0x4)
                0x080006a4                        _sidata = LOADADDR (.data)

.rel.dyn        0x080006a4        0x0
 .rel.iplt      0x080006a4        0x0 /Applications/STM32CubeIDE.app/Contents/Eclipse/plugins/com.st.stm32cube.ide.mcu.externaltools.gnu-tools-for-stm32.12.3.rel1.macos64_1.1.0.202410301201/tools/bin/../lib/gcc/arm-none-eabi/12.3.1/thumb/v7e-m+fp/hard/crtbegin.o

.data           0x20000000        0x4 load address 0x080006a4
                0x20000000                        . = ALIGN (0x4)
                0x20000000                        _sdata = .
 *(.data)
 *(.data*)
 .data.led_update_allowed
                0x20000000        0x1 ./Src/main.o
                0x20000000                led_update_allowed
 *(.RamFunc)
 *(.RamFunc*)
                0x20000004                        . = ALIGN (0x4)
 *fill*         0x20000001        0x3 
                0x20000004                        _edata = .
                0x080006a8                        _siccmram = LOADADDR (.ccmram)

.igot.plt       0x20000004        0x0 load address 0x080006a8
 .igot.plt      0x20000004        0x0 /Applications/STM32CubeIDE.app/Contents/Eclipse/plugins/com.st.stm32cube.ide.mcu.externaltools.gnu-tools-for-stm32.12.3.rel1.macos64_1.1.0.202410301201/tools/bin/../lib/gcc/arm-none-eabi/12.3.1/thumb/v7e-m+fp/hard/crtbegin.o

.ccmram         0x10000000        0x0 load address 0x080006a8
                0x10000000                        . = ALIGN (0x4)
                0x10000000                        _sccmram = .
 *(.ccmram)
 *(.ccmram*)
                0x10000000                        . = ALIGN (0x4)
                0x10000000                        _eccmram = .
                0x10000000                        . = ALIGN (0x4)

.bss            0x20000004       0x28
                0x20000004                        _sbss = .
                0x20000004                        __bss_start__ = _sbss
 *(.bss)
 .bss           0x20000004       0x1c /Applications/STM32CubeIDE.app/Contents/Eclipse/plugins/com.st.stm32cube.ide.mcu.externaltools.gnu-tools-for-stm32.12.3.rel1.macos64_1.1.0.202410301201/tools/bin/../lib/gcc/arm-none-eabi/12.3.1/thumb/v7e-m+fp/hard/crtbegin.o
 *(.bss*)
 .bss.on_button_press
                0x20000020        0x4 ./Src/digital_io.o
                0x20000020                on_button_press
 .bss.led_state
                0x20000024        0x1 ./Src/digital_io.o
 .bss.isOneShotMode
                0x20000025        0x1 ./Src/timer.o
 *fill*         0x20000026        0x2 
 .bss.oneShotCallback
                0x20000028        0x4 ./Src/timer.o
 *(COMMON)
                0x2000002c                        . = ALIGN (0x4)
                0x2000002c                        _ebss = .
                0x2000002c                        __bss_end__ = _ebss

._user_heap_stack
                0x2000002c      0x604
                0x20000030                        . = ALIGN (0x8)
 *fill*         0x2000002c        0x4 
                [!provide]                        PROVIDE (end = .)
                0x20000030                        PROVIDE (_end = .)
                0x20000230                        . = (. + _Min_Heap_Size)
 *fill*         0x20000030      0x200 
                0x20000630                        . = (. + _Min_Stack_Size)
 *fill*         0x20000230      0x400 
                0x20000630                        . = ALIGN (0x8)

/DISCARD/
 libc.a(*)
 libm.a(*)
 libgcc.a(*)

.ARM.attributes
                0x00000000       0x30
 *(.ARM.attributes)
 .ARM.attributes
                0x00000000       0x22 /Applications/STM32CubeIDE.app/Contents/Eclipse/plugins/com.st.stm32cube.ide.mcu.externaltools.gnu-tools-for-stm32.12.3.rel1.macos64_1.1.0.202410301201/tools/bin/../lib/gcc/arm-none-eabi/12.3.1/thumb/v7e-m+fp/hard/crti.o
 .ARM.attributes
                0x00000022       0x34 /Applications/STM32CubeIDE.app/Contents/Eclipse/plugins/com.st.stm32cube.ide.mcu.externaltools.gnu-tools-for-stm32.12.3.rel1.macos64_1.1.0.202410301201/tools/bin/../lib/gcc/arm-none-eabi/12.3.1/thumb/v7e-m+fp/hard/crtbegin.o
 .ARM.attributes
                0x00000056       0x34 ./Src/digital_io.o
 .ARM.attributes
                0x0000008a       0x34 ./Src/main.o
 .ARM.attributes
                0x000000be       0x34 ./Src/timer.o
 .ARM.attributes
                0x000000f2       0x21 ./Startup/startup_stm32f303vctx.o
 .ARM.attributes
                0x00000113       0x34 /Applications/STM32CubeIDE.app/Contents/Eclipse/plugins/com.st.stm32cube.ide.mcu.externaltools.gnu-tools-for-stm32.12.3.rel1.macos64_1.1.0.202410301201/tools/bin/../lib/gcc/arm-none-eabi/12.3.1/../../../../arm-none-eabi/lib/thumb/v7e-m+fp/hard/libc_nano.a(libc_a-init.o)
 .ARM.attributes
                0x00000147       0x22 /Applications/STM32CubeIDE.app/Contents/Eclipse/plugins/com.st.stm32cube.ide.mcu.externaltools.gnu-tools-for-stm32.12.3.rel1.macos64_1.1.0.202410301201/tools/bin/../lib/gcc/arm-none-eabi/12.3.1/thumb/v7e-m+fp/hard/crtn.o
OUTPUT(DigitalIO.elf elf32-littlearm)
LOAD linker stubs
LOAD /Applications/STM32CubeIDE.app/Contents/Eclipse/plugins/com.st.stm32cube.ide.mcu.externaltools.gnu-tools-for-stm32.12.3.rel1.macos64_1.1.0.202410301201/tools/bin/../lib/gcc/arm-none-eabi/12.3.1/../../../../arm-none-eabi/lib/thumb/v7e-m+fp/hard/libc.a
LOAD /Applications/STM32CubeIDE.app/Contents/Eclipse/plugins/com.st.stm32cube.ide.mcu.externaltools.gnu-tools-for-stm32.12.3.rel1.macos64_1.1.0.202410301201/tools/bin/../lib/gcc/arm-none-eabi/12.3.1/../../../../arm-none-eabi/lib/thumb/v7e-m+fp/hard/libm.a
LOAD /Applications/STM32CubeIDE.app/Contents/Eclipse/plugins/com.st.stm32cube.ide.mcu.externaltools.gnu-tools-for-stm32.12.3.rel1.macos64_1.1.0.202410301201/tools/bin/../lib/gcc/arm-none-eabi/12.3.1/thumb/v7e-m+fp/hard/libgcc.a

.debug_info     0x00000000     0x143a
 .debug_info    0x00000000      0x9e1 ./Src/digital_io.o
 .debug_info    0x000009e1      0x19f ./Src/main.o
 .debug_info    0x00000b80      0x88a ./Src/timer.o
 .debug_info    0x0000140a       0x30 ./Startup/startup_stm32f303vctx.o

.debug_abbrev   0x00000000      0x54e
 .debug_abbrev  0x00000000      0x262 ./Src/digital_io.o
 .debug_abbrev  0x00000262      0x10f ./Src/main.o
 .debug_abbrev  0x00000371      0x1b9 ./Src/timer.o
 .debug_abbrev  0x0000052a       0x24 ./Startup/startup_stm32f303vctx.o

.debug_aranges  0x00000000      0x100
 .debug_aranges
                0x00000000       0x60 ./Src/digital_io.o
 .debug_aranges
                0x00000060       0x38 ./Src/main.o
 .debug_aranges
                0x00000098       0x40 ./Src/timer.o
 .debug_aranges
                0x000000d8       0x28 ./Startup/startup_stm32f303vctx.o

.debug_rnglists
                0x00000000       0xad
 .debug_rnglists
                0x00000000       0x43 ./Src/digital_io.o
 .debug_rnglists
                0x00000043       0x25 ./Src/main.o
 .debug_rnglists
                0x00000068       0x2c ./Src/timer.o
 .debug_rnglists
                0x00000094       0x19 ./Startup/startup_stm32f303vctx.o

.debug_macro    0x00000000    0x14e57
 .debug_macro   0x00000000       0xd7 ./Src/digital_io.o
 .debug_macro   0x000000d7      0xac0 ./Src/digital_io.o
 .debug_macro   0x00000b97       0x22 ./Src/digital_io.o
 .debug_macro   0x00000bb9       0x8e ./Src/digital_io.o
 .debug_macro   0x00000c47       0x51 ./Src/digital_io.o
 .debug_macro   0x00000c98      0x103 ./Src/digital_io.o
 .debug_macro   0x00000d9b       0x6a ./Src/digital_io.o
 .debug_macro   0x00000e05      0x1df ./Src/digital_io.o
 .debug_macro   0x00000fe4       0x28 ./Src/digital_io.o
 .debug_macro   0x0000100c       0x1c ./Src/digital_io.o
 .debug_macro   0x00001028       0x22 ./Src/digital_io.o
 .debug_macro   0x0000104a       0xd9 ./Src/digital_io.o
 .debug_macro   0x00001123     0x102d ./Src/digital_io.o
 .debug_macro   0x00002150      0x11f ./Src/digital_io.o
 .debug_macro   0x0000226f    0x12a3a ./Src/digital_io.o
 .debug_macro   0x00014ca9       0xd7 ./Src/main.o
 .debug_macro   0x00014d80       0xd7 ./Src/timer.o

.debug_line     0x00000000      0xfea
 .debug_line    0x00000000      0x587 ./Src/digital_io.o
 .debug_line    0x00000587      0x4a1 ./Src/main.o
 .debug_line    0x00000a28      0x547 ./Src/timer.o
 .debug_line    0x00000f6f       0x7b ./Startup/startup_stm32f303vctx.o

.debug_str      0x00000000    0x7280c
 .debug_str     0x00000000    0x726b2 ./Src/digital_io.o
                              0x72972 (size before relaxing)
 .debug_str     0x000726b2       0x80 ./Src/main.o
                              0x722f8 (size before relaxing)
 .debug_str     0x00072732       0x9b ./Src/timer.o
                              0x728a0 (size before relaxing)
 .debug_str     0x000727cd       0x3f ./Startup/startup_stm32f303vctx.o
                                 0x70 (size before relaxing)

.comment        0x00000000       0x43
 .comment       0x00000000       0x43 ./Src/digital_io.o
                                 0x44 (size before relaxing)
 .comment       0x00000043       0x44 ./Src/main.o
 .comment       0x00000043       0x44 ./Src/timer.o

.debug_frame    0x00000000      0x2cc
 .debug_frame   0x00000000      0x14c ./Src/digital_io.o
 .debug_frame   0x0000014c       0x94 ./Src/main.o
 .debug_frame   0x000001e0       0xc0 ./Src/timer.o
 .debug_frame   0x000002a0       0x2c /Applications/STM32CubeIDE.app/Contents/Eclipse/plugins/com.st.stm32cube.ide.mcu.externaltools.gnu-tools-for-stm32.12.3.rel1.macos64_1.1.0.202410301201/tools/bin/../lib/gcc/arm-none-eabi/12.3.1/../../../../arm-none-eabi/lib/thumb/v7e-m+fp/hard/libc_nano.a(libc_a-init.o)

.debug_line_str
                0x00000000       0x54
 .debug_line_str
                0x00000000       0x54 ./Startup/startup_stm32f303vctx.o
